#
# A fatal error has been detected by the Java Runtime Environment:
#
#  SIGSEGV (0xb) at pc=0x00000001052aab88, pid=69466, tid=41475
#
# JRE version: Java(TM) SE Runtime Environment (17.0.4+11) (build 17.0.4+11-LTS-179)
# Java VM: Java HotSpot(TM) 64-Bit Server VM (17.0.4+11-LTS-179, mixed mode, sharing, tiered, compressed oops, compressed class ptrs, g1 gc, bsd-amd64)
# Problematic frame:
# V  [libjvm.dylib+0x29cb88]  _ZN12PhaseChaitin16gather_lrg_masksEb+0x108
#
# No core dump will be written. Core dumps have been disabled. To enable core dumping, try "ulimit -c unlimited" before starting Java again
#
# If you would like to submit a bug report, please visit:
#   https://bugreport.java.com/bugreport/crash.jsp
#

---------------  S U M M A R Y ------------

Command Line: -javaagent:/Applications/IntelliJ IDEA CE.app/Contents/lib/idea_rt.jar=52278:/Applications/IntelliJ IDEA CE.app/Contents/bin -Dfile.encoding=UTF-8 com.hagz.blog.BlogApplication

Host: "MacBookPro12,1" x86_64 2700 MHz, 4 cores, 8G, Darwin 21.6.0, macOS 12.7.4 (21H1123)
Time: Wed Jul 24 18:00:04 2024 EDT elapsed time: 705722.706169 seconds (8d 4h 2m 2s)

---------------  T H R E A D  ---------------

Current thread (0x00007fa6eb04bc00):  JavaThread "C2 CompilerThread0" daemon [_thread_in_native, id=41475, stack(0x00007000078cc000,0x00007000079cc000)]


Current CompileTask:
C2:705722708 16766       4       org.springframework.util.LinkedCaseInsensitiveMap::put (10 bytes)

Stack: [0x00007000078cc000,0x00007000079cc000],  sp=0x00007000079c88d0,  free space=1010k
Native frames: (J=compiled Java code, j=interpreted, Vv=VM code, C=native code)
V  [libjvm.dylib+0x29cb88]  _ZN12PhaseChaitin16gather_lrg_masksEb+0x108
V  [libjvm.dylib+0x29c1b2]  _ZN12PhaseChaitin17Register_AllocateEv+0x612
V  [libjvm.dylib+0x317f30]  _ZN7Compile8Code_GenEv+0x3d0
V  [libjvm.dylib+0x3151fe]  _ZN7CompileC2EP5ciEnvP8ciMethodibbbbbP12DirectiveSet+0x116e
V  [libjvm.dylib+0x27c902]  _ZN10C2Compiler14compile_methodEP5ciEnvP8ciMethodibP12DirectiveSet+0xf2
V  [libjvm.dylib+0x327dc2]  _ZN13CompileBroker25invoke_compiler_on_methodEP11CompileTask+0x542
V  [libjvm.dylib+0x3277dc]  _ZN13CompileBroker20compiler_thread_loopEv+0x45c
V  [libjvm.dylib+0x9f5302]  _ZN10JavaThread17thread_main_innerEv+0x142
V  [libjvm.dylib+0x9f38fa]  _ZN6Thread8call_runEv+0x11a
V  [libjvm.dylib+0x8871b8]  _ZL19thread_native_entryP6Thread+0x148
C  [libsystem_pthread.dylib+0x64e1]  _pthread_start+0x7d
C  [libsystem_pthread.dylib+0x1f6b]  thread_start+0xf


siginfo: si_signo: 11 (SIGSEGV), si_code: 1 (SEGV_MAPERR), si_addr: 0x00000000000000c9

Register to memory mapping:

RAX=0x0000000000000001 is an unknown value
RBX=0x00007fa6ed6930d8 points into unknown readable memory: 0x0000000105c0a090 | 90 a0 c0 05 01 00 00 00
RCX=0x0000000000000007 is an unknown value
RDX=0x00000000000000a2 is an unknown value
RSP=0x00007000079c88d0 is pointing into the stack for thread: 0x00007fa6eb04bc00
RBP=0x00007000079c8960 is pointing into the stack for thread: 0x00007fa6eb04bc00
RSI=0x0000000005555455 is an unknown value
RDI=0x00007fa6eb391f68 points into unknown readable memory: 0x0000000000000001 | 01 00 00 00 00 00 00 00
R8 =0x0 is NULL
R9 =0x0 is NULL
R10=0x0f0f0f0f0f0f0f01 is an unknown value
R11=0x0101010101010101 is an unknown value
R12=0x00007000079ca2d8 is pointing into the stack for thread: 0x00007fa6eb04bc00
R13=0x0000000000000002 is an unknown value
R14=0x00007fa6efa00010 points into unknown readable memory: 0x0000000000000000 | 00 00 00 00 00 00 00 00
R15=0x000000000004c548 is an unknown value


Registers:
RAX=0x0000000000000001, RBX=0x00007fa6ed6930d8, RCX=0x0000000000000007, RDX=0x00000000000000a2
RSP=0x00007000079c88d0, RBP=0x00007000079c8960, RSI=0x0000000005555455, RDI=0x00007fa6eb391f68
R8 =0x0000000000000000, R9 =0x0000000000000000, R10=0x0f0f0f0f0f0f0f01, R11=0x0101010101010101
R12=0x00007000079ca2d8, R13=0x0000000000000002, R14=0x00007fa6efa00010, R15=0x000000000004c548
RIP=0x00000001052aab88, EFLAGS=0x0000000000010246, ERR=0x0000000000000004
  TRAPNO=0x000000000000000e

Top of Stack: (sp=0x00007000079c88d0)
0x00007000079c88d0:   0000000000093f20 000000000004c548
0x00007000079c88e0:   00000000ffffffff 0000000000000007
0x00007000079c88f0:   00000000000000a2 00007fa6efa4c590
0x00007000079c8900:   0000000000000002 0000000100093f08
0x00007000079c8910:   00007fa6ed6930d8 00007000079ca2d8
0x00007000079c8920:   00000001079c8960 00007fa6eb391f68
0x00007000079c8930:   000000000008ce60 00007000079c8978
0x00007000079c8940:   00007000079c8b88 00007000079ca2d8
0x00007000079c8950:   00007000079cb160 00007fa6ef927400
0x00007000079c8960:   00007000079c8bf0 00000001052aa1b2
0x00007000079c8970:   00007000079ca448 000000000000000a
0x00007000079c8980:   00007000079cb160 00007fa6eddaa010
0x00007000079c8990:   0000000000000000 00007fa6ee6d5010
0x00007000079c89a0:   00007fa6ecbfa210 00007fa6ecbfba20
0x00007000079c89b0:   00007fa6ed655810 00007000079ca448
0x00007000079c89c0:   00007000079ca3d8 00007fa600000565
0x00007000079c89d0:   00007000079c8b88 00007fa6eaf24800
0x00007000079c89e0:   0000000000000000 0000000000000000
0x00007000079c89f0:   0000000000001297 00007fa6ed642200
0x00007000079c8a00:   000000013fe9f4c9 0000000105af7f58
0x00007000079c8a10:   0000000000000000 0000000000000000
0x00007000079c8a20:   0000000000000000 0000000105af7f58
0x00007000079c8a30:   00007fa6ed63d800 00007fa6eaf24890
0x00007000079c8a40:   00000000ecbda401 0000000000000000
0x00007000079c8a50:   000000000000000d 0000000000000000
0x00007000079c8a60:   0000000e00000000 0000000000000000
0x00007000079c8a70:   00007000079c8a90 0000000105a0a753
0x00007000079c8a80:   00007000079c8a90 0000000105a0a815
0x00007000079c8a90:   00007000079c8ae0 00000001051681b1
0x00007000079c8aa0:   0000000105c2e190 000000000000000d
0x00007000079c8ab0:   00007000079cb160 00007000079ca2d8
0x00007000079c8ac0:   00007fa6000012f0 00007fa6ed448400 

Instructions: (pc=0x00000001052aab88)
0x00000001052aaa88:   41 55 41 54 53 48 83 ec 68 89 75 c4 49 89 fc 48
0x00000001052aaa98:   8b 47 48 48 8b 4f 70 48 8b 40 10 48 8b 40 08 48
0x00000001052aaaa8:   8b 40 08 48 8b 40 08 48 8b 40 18 48 63 40 28 48
0x00000001052aaab8:   8b 97 08 01 00 00 8b 04 82 48 8b 49 20 48 69 c0
0x00000001052aaac8:   a8 00 00 00 f2 0f 10 04 01 f2 0f 58 05 9f 86 8c
0x00000001052aaad8:   00 f2 0f 11 04 01 48 8b 47 48 83 78 40 00 0f 84
0x00000001052aaae8:   dc 06 00 00 31 d2 4c 89 65 b8 eb 20 66 2e 0f 1f
0x00000001052aaaf8:   84 00 00 00 00 00 66 90 49 8b 44 24 48 48 ff c2
0x00000001052aab08:   8b 48 40 48 39 ca 0f 83 b4 06 00 00 48 8b 48 30
0x00000001052aab18:   48 8b 1c d1 83 7b 28 02 72 e3 b9 01 00 00 00 48
0x00000001052aab28:   89 55 90 48 89 5d b0 eb 22 66 2e 0f 1f 84 00 00
0x00000001052aab38:   00 00 00 0f 1f 44 00 00 48 8b 4d 88 48 ff c1 8b
0x00000001052aab48:   43 28 48 39 c1 48 8b 55 90 73 ad 8b 43 18 48 39
0x00000001052aab58:   c1 73 15 48 8b 43 20 48 8b 3c c8 eb 0d 66 2e 0f
0x00000001052aab68:   1f 84 00 00 00 00 00 90 31 ff 8b 47 2c 83 e0 03
0x00000001052aab78:   83 f8 02 48 89 7d c8 48 89 4d 88 75 1b 48 8b 07
0x00000001052aab88:   ff 90 c8 00 00 00 48 8b 7d c8 41 89 c5 b0 01 89
0x00000001052aab98:   45 ac eb 11 0f 1f 40 00 41 bd 01 00 00 00 c7 45
0x00000001052aaba8:   ac 00 00 00 00 48 63 47 28 49 8b 8c 24 08 01 00
0x00000001052aabb8:   00 8b 1c 81 48 85 db 0f 84 d6 02 00 00 4c 8b 75
0x00000001052aabc8:   b8 49 8b 46 70 4c 8b 78 20 48 8b 07 ff 50 28 48
0x00000001052aabd8:   89 45 a0 8b 40 10 48 83 f8 21 77 20 48 b9 00 00
0x00000001052aabe8:   00 60 03 00 00 00 48 0f a3 c1 73 10 48 69 c3 a8
0x00000001052aabf8:   00 00 00 41 80 8c 07 a6 00 00 00 02 48 8b 7d c8
0x00000001052aac08:   8b 47 28 48 89 c1 48 c1 e9 05 41 3b 4e 78 73 68
0x00000001052aac18:   49 8b 96 80 00 00 00 8b 0c 8a 0f a3 c1 73 59 48
0x00000001052aac28:   69 cb a8 00 00 00 45 0f b7 84 0f a6 00 00 00 44
0x00000001052aac38:   89 c2 83 ca 10 66 41 89 94 0f a6 00 00 00 8b 57
0x00000001052aac48:   28 48 89 d6 48 c1 ee 05 41 3b b6 98 00 00 00 73
0x00000001052aac58:   27 49 8b 86 a0 00 00 00 8b 34 b0 0f a3 d6 73 18
0x00000001052aac68:   49 8d 8c 0f a6 00 00 00 41 83 c8 30 66 44 89 01
0x00000001052aac78:   0f 1f 84 00 00 00 00 00 4c 69 e3 a8 00 00 00 4b 


Stack slot to memory mapping:
stack at sp + 0 slots: 0x0000000000093f20 is an unknown value
stack at sp + 1 slots: 0x000000000004c548 is an unknown value
stack at sp + 2 slots: 0x00000000ffffffff is an unknown value
stack at sp + 3 slots: 0x0000000000000007 is an unknown value
stack at sp + 4 slots: 0x00000000000000a2 is an unknown value
stack at sp + 5 slots: 0x00007fa6efa4c590 points into unknown readable memory: 0x0000000005555455 | 55 54 55 05 00 00 00 00
stack at sp + 6 slots: 0x0000000000000002 is an unknown value
stack at sp + 7 slots: 0x0000000100093f08 is an unknown value


---------------  P R O C E S S  ---------------

Threads class SMR info:
_java_thread_list=0x00007fa6eeaae350, length=31, elements={
0x00007fa6ec81b200, 0x00007fa6ec80b400, 0x00007fa6ec80c000, 0x00007fa6eb049400,
0x00007fa6ec81da00, 0x00007fa6eb04bc00, 0x00007fa6ec01a800, 0x00007fa6ec019800,
0x00007fa6ed03c800, 0x00007fa6ed034400, 0x00007fa6ec17ba00, 0x00007fa6eb65a000,
0x00007fa6eca6e800, 0x00007fa6ed1bec00, 0x00007fa6ec233600, 0x00007fa6ec255800,
0x00007fa6ef37a000, 0x00007fa6eb47be00, 0x00007fa6ecb5de00, 0x00007fa6ecbde400,
0x00007fa6ece75800, 0x00007fa6ec380800, 0x00007fa6ece75e00, 0x00007fa6ecea3800,
0x00007fa6ec380e00, 0x00007fa6ec482c00, 0x00007fa6ec483200, 0x00007fa6ecea3e00,
0x00007fa6ecea4400, 0x00007fa6ec483800, 0x00007fa6ed00c800
}

Java Threads: ( => current thread )
  0x00007fa6ec81b200 JavaThread "Reference Handler" daemon [_thread_blocked, id=15107, stack(0x00007000072b7000,0x00007000073b7000)]
  0x00007fa6ec80b400 JavaThread "Finalizer" daemon [_thread_blocked, id=15619, stack(0x00007000073ba000,0x00007000074ba000)]
  0x00007fa6ec80c000 JavaThread "Signal Dispatcher" daemon [_thread_blocked, id=42243, stack(0x00007000075c3000,0x00007000076c3000)]
  0x00007fa6eb049400 JavaThread "Service Thread" daemon [_thread_blocked, id=41731, stack(0x00007000076c6000,0x00007000077c6000)]
  0x00007fa6ec81da00 JavaThread "Monitor Deflation Thread" daemon [_thread_blocked, id=23299, stack(0x00007000077c9000,0x00007000078c9000)]
=>0x00007fa6eb04bc00 JavaThread "C2 CompilerThread0" daemon [_thread_in_native, id=41475, stack(0x00007000078cc000,0x00007000079cc000)]
  0x00007fa6ec01a800 JavaThread "C1 CompilerThread0" daemon [_thread_blocked, id=24067, stack(0x00007000079cf000,0x0000700007acf000)]
  0x00007fa6ec019800 JavaThread "Sweeper thread" daemon [_thread_blocked, id=24579, stack(0x0000700007ad2000,0x0000700007bd2000)]
  0x00007fa6ed03c800 JavaThread "Common-Cleaner" daemon [_thread_blocked, id=40963, stack(0x0000700007bd5000,0x0000700007cd5000)]
  0x00007fa6ed034400 JavaThread "Notification Thread" daemon [_thread_blocked, id=40707, stack(0x0000700007ddb000,0x0000700007edb000)]
  0x00007fa6ec17ba00 JavaThread "Attach Listener" daemon [_thread_blocked, id=39427, stack(0x00007000084f0000,0x00007000085f0000)]
  0x00007fa6eb65a000 JavaThread "mysql-cj-abandoned-connection-cleanup" daemon [_thread_blocked, id=22279, stack(0x00007000086f6000,0x00007000087f6000)]
  0x00007fa6eca6e800 JavaThread "HikariPool-1 housekeeper" daemon [_thread_blocked, id=38923, stack(0x00007000087f9000,0x00007000088f9000)]
  0x00007fa6ed1bec00 JavaThread "Catalina-utility-1" [_thread_blocked, id=29955, stack(0x00007000089ff000,0x0000700008aff000)]
  0x00007fa6ec233600 JavaThread "Catalina-utility-2" [_thread_blocked, id=30211, stack(0x0000700008b02000,0x0000700008c02000)]
  0x00007fa6ec255800 JavaThread "container-0" [_thread_blocked, id=30723, stack(0x0000700008c05000,0x0000700008d05000)]
  0x00007fa6ef37a000 JavaThread "File Watcher" daemon [_thread_blocked, id=36387, stack(0x0000700008d08000,0x0000700008e08000)]
  0x00007fa6eb47be00 JavaThread "Live Reload Server" daemon [_thread_in_native, id=31527, stack(0x0000700008f0e000,0x000070000900e000)]
  0x00007fa6ecb5de00 JavaThread "http-nio-8080-exec-1" daemon [_thread_blocked, id=36899, stack(0x0000700008e0b000,0x0000700008f0b000)]
  0x00007fa6ecbde400 JavaThread "http-nio-8080-exec-2" daemon [_thread_blocked, id=37667, stack(0x0000700009011000,0x0000700009111000)]
  0x00007fa6ece75800 JavaThread "http-nio-8080-exec-3" daemon [_thread_blocked, id=31011, stack(0x0000700009114000,0x0000700009214000)]
  0x00007fa6ec380800 JavaThread "http-nio-8080-exec-4" daemon [_thread_blocked, id=31267, stack(0x0000700009217000,0x0000700009317000)]
  0x00007fa6ece75e00 JavaThread "http-nio-8080-exec-5" daemon [_thread_blocked, id=36131, stack(0x000070000931a000,0x000070000941a000)]
  0x00007fa6ecea3800 JavaThread "http-nio-8080-exec-6" daemon [_thread_blocked, id=38179, stack(0x000070000941d000,0x000070000951d000)]
  0x00007fa6ec380e00 JavaThread "http-nio-8080-exec-7" daemon [_thread_blocked, id=32515, stack(0x0000700009520000,0x0000700009620000)]
  0x00007fa6ec482c00 JavaThread "http-nio-8080-exec-8" daemon [_thread_blocked, id=35331, stack(0x0000700009623000,0x0000700009723000)]
  0x00007fa6ec483200 JavaThread "http-nio-8080-exec-9" daemon [_thread_blocked, id=34819, stack(0x0000700009726000,0x0000700009826000)]
  0x00007fa6ecea3e00 JavaThread "http-nio-8080-exec-10" daemon [_thread_blocked, id=34563, stack(0x0000700009829000,0x0000700009929000)]
  0x00007fa6ecea4400 JavaThread "http-nio-8080-Poller" daemon [_thread_in_native, id=34307, stack(0x000070000992c000,0x0000700009a2c000)]
  0x00007fa6ec483800 JavaThread "http-nio-8080-Acceptor" daemon [_thread_in_native, id=34051, stack(0x0000700009a2f000,0x0000700009b2f000)]
  0x00007fa6ed00c800 JavaThread "DestroyJavaVM" [_thread_blocked, id=6659, stack(0x0000700006ba2000,0x0000700006ca2000)]

Other Threads:
  0x00007fa6eb81cc10 VMThread "VM Thread" [stack: 0x00007000071b4000,0x00007000072b4000] [id=14851]
  0x00007fa6eaf39340 WatcherThread [stack: 0x0000700007ede000,0x0000700007fde000] [id=25859]
  0x00007fa6eb815dc0 GCTaskThread "GC Thread#0" [stack: 0x0000700006ca5000,0x0000700006da5000] [id=11779]
  0x00007fa6eba6f270 GCTaskThread "GC Thread#1" [stack: 0x0000700007fe1000,0x00007000080e1000] [id=26371]
  0x00007fa6eba6fb30 GCTaskThread "GC Thread#2" [stack: 0x00007000080e4000,0x00007000081e4000] [id=26627]
  0x00007fa6eb9b1910 GCTaskThread "GC Thread#3" [stack: 0x00007000085f3000,0x00007000086f3000] [id=28419]
  0x00007fa6eba15c50 ConcurrentGCThread "G1 Main Marker" [stack: 0x0000700006da8000,0x0000700006ea8000] [id=12291]
  0x00007fa6eba16a00 ConcurrentGCThread "G1 Conc#0" [stack: 0x0000700006eab000,0x0000700006fab000] [id=18435]
  0x00007fa6eb909960 ConcurrentGCThread "G1 Refine#0" [stack: 0x0000700006fae000,0x00007000070ae000] [id=12803]
  0x00007fa6eba552c0 ConcurrentGCThread "G1 Refine#1" [stack: 0x00007000081e7000,0x00007000082e7000] [id=27139]
  0x00007fa6ef84aec0 ConcurrentGCThread "G1 Refine#2" [stack: 0x0000700007cd8000,0x0000700007dd8000] [id=25395]
  0x00007fa6eb816900 ConcurrentGCThread "G1 Service" [stack: 0x00007000070b1000,0x00007000071b1000] [id=13315]

Threads with active compile tasks:
C2 CompilerThread0  705722775 16766       4       org.springframework.util.LinkedCaseInsensitiveMap::put (10 bytes)

VM state: not at safepoint (normal execution)

VM Mutex/Monitor currently owned by a thread: None

Heap address: 0x0000000780000000, size: 2048 MB, Compressed Oops mode: Zero based, Oop shift amount: 3

CDS archive(s) mapped at: [0x0000000800000000-0x0000000800bd8000-0x0000000800bd8000), size 12419072, SharedBaseAddress: 0x0000000800000000, ArchiveRelocationMode: 0.
Compressed class space mapped at: 0x0000000800c00000-0x0000000840c00000, reserved size: 1073741824
Narrow klass base: 0x0000000800000000, Narrow klass shift: 0, Narrow klass range: 0x100000000

GC Precious Log:
 CPUs: 4 total, 4 available
 Memory: 8192M
 Large Page Support: Disabled
 NUMA Support: Disabled
 Compressed Oops: Enabled (Zero based)
 Heap Region Size: 1M
 Heap Min Capacity: 8M
 Heap Initial Capacity: 128M
 Heap Max Capacity: 2G
 Pre-touch: Disabled
 Parallel Workers: 4
 Concurrent Workers: 1
 Concurrent Refinement Workers: 4
 Periodic GC: Disabled

Heap:
 garbage-first heap   total 126976K, used 93694K [0x0000000780000000, 0x0000000800000000)
  region size 1024K, 56 young (57344K), 2 survivors (2048K)
 Metaspace       used 70038K, committed 70528K, reserved 1114112K
  class space    used 8966K, committed 9216K, reserved 1048576K

Heap Regions: E=young(eden), S=young(survivor), O=old, HS=humongous(starts), HC=humongous(continues), CS=collection set, F=free, OA=open archive, CA=closed archive, TAMS=top-at-mark-start (previous, next)
|   0|0x0000000780000000, 0x0000000780100000, 0x0000000780100000|100%|HS|  |TAMS 0x0000000780100000, 0x0000000780000000| Complete 
|   1|0x0000000780100000, 0x0000000780200000, 0x0000000780200000|100%| O|  |TAMS 0x0000000780200000, 0x0000000780100000| Untracked 
|   2|0x0000000780200000, 0x0000000780300000, 0x0000000780300000|100%| O|  |TAMS 0x0000000780300000, 0x0000000780200000| Untracked 
|   3|0x0000000780300000, 0x0000000780400000, 0x0000000780400000|100%| O|  |TAMS 0x0000000780400000, 0x0000000780300000| Untracked 
|   4|0x0000000780400000, 0x0000000780500000, 0x0000000780500000|100%| O|  |TAMS 0x0000000780500000, 0x0000000780400000| Untracked 
|   5|0x0000000780500000, 0x00000007805f5200, 0x0000000780600000| 95%| O|  |TAMS 0x00000007805f5200, 0x0000000780500000| Untracked 
|   6|0x0000000780600000, 0x0000000780700000, 0x0000000780700000|100%| O|  |TAMS 0x0000000780700000, 0x0000000780600000| Untracked 
|   7|0x0000000780700000, 0x0000000780800000, 0x0000000780800000|100%| O|  |TAMS 0x0000000780800000, 0x0000000780700000| Untracked 
|   8|0x0000000780800000, 0x0000000780900000, 0x0000000780900000|100%| O|  |TAMS 0x0000000780900000, 0x0000000780800000| Untracked 
|   9|0x0000000780900000, 0x0000000780a00000, 0x0000000780a00000|100%| O|  |TAMS 0x0000000780a00000, 0x0000000780900000| Untracked 
|  10|0x0000000780a00000, 0x0000000780b00000, 0x0000000780b00000|100%| O|  |TAMS 0x0000000780b00000, 0x0000000780a00000| Untracked 
|  11|0x0000000780b00000, 0x0000000780c00000, 0x0000000780c00000|100%| O|  |TAMS 0x0000000780c00000, 0x0000000780b00000| Untracked 
|  12|0x0000000780c00000, 0x0000000780d00000, 0x0000000780d00000|100%| O|  |TAMS 0x0000000780d00000, 0x0000000780c00000| Untracked 
|  13|0x0000000780d00000, 0x0000000780e00000, 0x0000000780e00000|100%| O|  |TAMS 0x0000000780d00000, 0x0000000780d00000| Untracked 
|  14|0x0000000780e00000, 0x0000000780f00000, 0x0000000780f00000|100%| O|  |TAMS 0x0000000780f00000, 0x0000000780e00000| Untracked 
|  15|0x0000000780f00000, 0x0000000781000000, 0x0000000781000000|100%| O|  |TAMS 0x0000000781000000, 0x0000000780f00000| Untracked 
|  16|0x0000000781000000, 0x0000000781100000, 0x0000000781100000|100%| O|  |TAMS 0x0000000781100000, 0x0000000781000000| Untracked 
|  17|0x0000000781100000, 0x0000000781200000, 0x0000000781200000|100%| O|  |TAMS 0x0000000781200000, 0x0000000781100000| Untracked 
|  18|0x0000000781200000, 0x0000000781300000, 0x0000000781300000|100%| O|  |TAMS 0x0000000781300000, 0x0000000781200000| Untracked 
|  19|0x0000000781300000, 0x0000000781400000, 0x0000000781400000|100%| O|  |TAMS 0x0000000781400000, 0x0000000781300000| Untracked 
|  20|0x0000000781400000, 0x0000000781500000, 0x0000000781500000|100%| O|  |TAMS 0x0000000781500000, 0x0000000781400000| Untracked 
|  21|0x0000000781500000, 0x0000000781600000, 0x0000000781600000|100%| O|  |TAMS 0x0000000781600000, 0x0000000781500000| Untracked 
|  22|0x0000000781600000, 0x0000000781700000, 0x0000000781700000|100%| O|  |TAMS 0x0000000781600000, 0x0000000781600000| Untracked 
|  23|0x0000000781700000, 0x0000000781800000, 0x0000000781800000|100%| O|  |TAMS 0x0000000781800000, 0x0000000781700000| Untracked 
|  24|0x0000000781800000, 0x0000000781900000, 0x0000000781900000|100%| O|  |TAMS 0x0000000781800000, 0x0000000781800000| Untracked 
|  25|0x0000000781900000, 0x0000000781a00000, 0x0000000781a00000|100%| O|  |TAMS 0x0000000781900000, 0x0000000781900000| Untracked 
|  26|0x0000000781a00000, 0x0000000781b00000, 0x0000000781b00000|100%| O|  |TAMS 0x0000000781b00000, 0x0000000781a00000| Untracked 
|  27|0x0000000781b00000, 0x0000000781c00000, 0x0000000781c00000|100%| O|  |TAMS 0x0000000781b00000, 0x0000000781b00000| Untracked 
|  28|0x0000000781c00000, 0x0000000781d00000, 0x0000000781d00000|100%| O|  |TAMS 0x0000000781c00000, 0x0000000781c00000| Untracked 
|  29|0x0000000781d00000, 0x0000000781e00000, 0x0000000781e00000|100%| O|  |TAMS 0x0000000781d00000, 0x0000000781d00000| Untracked 
|  30|0x0000000781e00000, 0x0000000781f00000, 0x0000000781f00000|100%| O|  |TAMS 0x0000000781e00000, 0x0000000781e00000| Untracked 
|  31|0x0000000781f00000, 0x0000000782000000, 0x0000000782000000|100%| O|  |TAMS 0x0000000781f00000, 0x0000000781f00000| Untracked 
|  32|0x0000000782000000, 0x000000078206cc00, 0x0000000782100000| 42%| O|  |TAMS 0x0000000782000000, 0x0000000782000000| Untracked 
|  33|0x0000000782100000, 0x0000000782100000, 0x0000000782200000|  0%| F|  |TAMS 0x0000000782100000, 0x0000000782100000| Untracked 
|  34|0x0000000782200000, 0x0000000782200000, 0x0000000782300000|  0%| F|  |TAMS 0x0000000782200000, 0x0000000782200000| Untracked 
|  35|0x0000000782300000, 0x0000000782300000, 0x0000000782400000|  0%| F|  |TAMS 0x0000000782300000, 0x0000000782300000| Untracked 
|  36|0x0000000782400000, 0x0000000782400000, 0x0000000782500000|  0%| F|  |TAMS 0x0000000782400000, 0x0000000782400000| Untracked 
|  37|0x0000000782500000, 0x0000000782600000, 0x0000000782600000|100%| O|  |TAMS 0x0000000782600000, 0x0000000782500000| Untracked 
|  38|0x0000000782600000, 0x0000000782700000, 0x0000000782700000|100%| O|  |TAMS 0x0000000782700000, 0x0000000782600000| Untracked 
|  39|0x0000000782700000, 0x0000000782800000, 0x0000000782800000|100%| O|  |TAMS 0x0000000782800000, 0x0000000782700000| Untracked 
|  40|0x0000000782800000, 0x0000000782800000, 0x0000000782900000|  0%| F|  |TAMS 0x0000000782800000, 0x0000000782800000| Untracked 
|  41|0x0000000782900000, 0x0000000782900000, 0x0000000782a00000|  0%| F|  |TAMS 0x0000000782900000, 0x0000000782900000| Untracked 
|  42|0x0000000782a00000, 0x0000000782a00000, 0x0000000782b00000|  0%| F|  |TAMS 0x0000000782a00000, 0x0000000782a00000| Untracked 
|  43|0x0000000782b00000, 0x0000000782b00000, 0x0000000782c00000|  0%| F|  |TAMS 0x0000000782b00000, 0x0000000782b00000| Untracked 
|  44|0x0000000782c00000, 0x0000000782d00000, 0x0000000782d00000|100%| O|  |TAMS 0x0000000782c77e00, 0x0000000782c00000| Untracked 
|  45|0x0000000782d00000, 0x0000000782d00000, 0x0000000782e00000|  0%| F|  |TAMS 0x0000000782d00000, 0x0000000782d00000| Untracked 
|  46|0x0000000782e00000, 0x0000000782e00000, 0x0000000782f00000|  0%| F|  |TAMS 0x0000000782e00000, 0x0000000782e00000| Untracked 
|  47|0x0000000782f00000, 0x0000000782f00000, 0x0000000783000000|  0%| F|  |TAMS 0x0000000782f00000, 0x0000000782f00000| Untracked 
|  48|0x0000000783000000, 0x0000000783000000, 0x0000000783100000|  0%| F|  |TAMS 0x0000000783000000, 0x0000000783000000| Untracked 
|  49|0x0000000783100000, 0x0000000783128b10, 0x0000000783200000| 15%| S|CS|TAMS 0x0000000783100000, 0x0000000783100000| Complete 
|  50|0x0000000783200000, 0x0000000783200000, 0x0000000783300000|  0%| F|  |TAMS 0x0000000783200000, 0x0000000783200000| Untracked 
|  51|0x0000000783300000, 0x0000000783400000, 0x0000000783400000|100%| S|CS|TAMS 0x0000000783300000, 0x0000000783300000| Complete 
|  52|0x0000000783400000, 0x0000000783400000, 0x0000000783500000|  0%| F|  |TAMS 0x0000000783400000, 0x0000000783400000| Untracked 
|  53|0x0000000783500000, 0x0000000783500000, 0x0000000783600000|  0%| F|  |TAMS 0x0000000783500000, 0x0000000783500000| Untracked 
|  54|0x0000000783600000, 0x0000000783600000, 0x0000000783700000|  0%| F|  |TAMS 0x0000000783600000, 0x0000000783600000| Untracked 
|  55|0x0000000783700000, 0x0000000783700000, 0x0000000783800000|  0%| F|  |TAMS 0x0000000783700000, 0x0000000783700000| Untracked 
|  56|0x0000000783800000, 0x0000000783800000, 0x0000000783900000|  0%| F|  |TAMS 0x0000000783800000, 0x0000000783800000| Untracked 
|  57|0x0000000783900000, 0x0000000783900000, 0x0000000783a00000|  0%| F|  |TAMS 0x0000000783900000, 0x0000000783900000| Untracked 
|  58|0x0000000783a00000, 0x0000000783a00000, 0x0000000783b00000|  0%| F|  |TAMS 0x0000000783a00000, 0x0000000783a00000| Untracked 
|  59|0x0000000783b00000, 0x0000000783b00000, 0x0000000783c00000|  0%| F|  |TAMS 0x0000000783b00000, 0x0000000783b00000| Untracked 
|  60|0x0000000783c00000, 0x0000000783c00000, 0x0000000783d00000|  0%| F|  |TAMS 0x0000000783c00000, 0x0000000783c00000| Untracked 
|  61|0x0000000783d00000, 0x0000000783d00000, 0x0000000783e00000|  0%| F|  |TAMS 0x0000000783d00000, 0x0000000783d00000| Untracked 
|  62|0x0000000783e00000, 0x0000000783e00000, 0x0000000783f00000|  0%| F|  |TAMS 0x0000000783e00000, 0x0000000783e00000| Untracked 
|  63|0x0000000783f00000, 0x0000000783f00000, 0x0000000784000000|  0%| F|  |TAMS 0x0000000783f00000, 0x0000000783f00000| Untracked 
|  64|0x0000000784000000, 0x0000000784000000, 0x0000000784100000|  0%| F|  |TAMS 0x0000000784000000, 0x0000000784000000| Untracked 
|  65|0x0000000784100000, 0x0000000784100000, 0x0000000784200000|  0%| F|  |TAMS 0x0000000784100000, 0x0000000784100000| Untracked 
|  66|0x0000000784200000, 0x0000000784200000, 0x0000000784300000|  0%| F|  |TAMS 0x0000000784200000, 0x0000000784200000| Untracked 
|  67|0x0000000784300000, 0x0000000784300000, 0x0000000784400000|  0%| F|  |TAMS 0x0000000784300000, 0x0000000784300000| Untracked 
|  68|0x0000000784400000, 0x000000078445c3a8, 0x0000000784500000| 36%| E|  |TAMS 0x0000000784400000, 0x0000000784400000| Complete 
|  69|0x0000000784500000, 0x0000000784600000, 0x0000000784600000|100%| E|CS|TAMS 0x0000000784500000, 0x0000000784500000| Complete 
|  70|0x0000000784600000, 0x0000000784700000, 0x0000000784700000|100%| E|CS|TAMS 0x0000000784600000, 0x0000000784600000| Complete 
|  71|0x0000000784700000, 0x0000000784800000, 0x0000000784800000|100%| E|CS|TAMS 0x0000000784700000, 0x0000000784700000| Complete 
|  72|0x0000000784800000, 0x0000000784900000, 0x0000000784900000|100%| E|CS|TAMS 0x0000000784800000, 0x0000000784800000| Complete 
|  73|0x0000000784900000, 0x0000000784a00000, 0x0000000784a00000|100%| E|CS|TAMS 0x0000000784900000, 0x0000000784900000| Complete 
|  74|0x0000000784a00000, 0x0000000784b00000, 0x0000000784b00000|100%| E|CS|TAMS 0x0000000784a00000, 0x0000000784a00000| Complete 
|  75|0x0000000784b00000, 0x0000000784c00000, 0x0000000784c00000|100%| E|CS|TAMS 0x0000000784b00000, 0x0000000784b00000| Complete 
|  76|0x0000000784c00000, 0x0000000784d00000, 0x0000000784d00000|100%| E|CS|TAMS 0x0000000784c00000, 0x0000000784c00000| Complete 
|  77|0x0000000784d00000, 0x0000000784e00000, 0x0000000784e00000|100%| E|CS|TAMS 0x0000000784d00000, 0x0000000784d00000| Complete 
|  78|0x0000000784e00000, 0x0000000784f00000, 0x0000000784f00000|100%| E|CS|TAMS 0x0000000784e00000, 0x0000000784e00000| Complete 
|  79|0x0000000784f00000, 0x0000000785000000, 0x0000000785000000|100%| E|CS|TAMS 0x0000000784f00000, 0x0000000784f00000| Complete 
|  80|0x0000000785000000, 0x0000000785100000, 0x0000000785100000|100%| E|CS|TAMS 0x0000000785000000, 0x0000000785000000| Complete 
|  81|0x0000000785100000, 0x0000000785200000, 0x0000000785200000|100%| E|CS|TAMS 0x0000000785100000, 0x0000000785100000| Complete 
|  82|0x0000000785200000, 0x0000000785300000, 0x0000000785300000|100%| E|CS|TAMS 0x0000000785200000, 0x0000000785200000| Complete 
|  83|0x0000000785300000, 0x0000000785400000, 0x0000000785400000|100%| E|CS|TAMS 0x0000000785300000, 0x0000000785300000| Complete 
|  84|0x0000000785400000, 0x0000000785500000, 0x0000000785500000|100%| E|CS|TAMS 0x0000000785400000, 0x0000000785400000| Complete 
|  85|0x0000000785500000, 0x0000000785600000, 0x0000000785600000|100%| E|CS|TAMS 0x0000000785500000, 0x0000000785500000| Complete 
|  86|0x0000000785600000, 0x0000000785700000, 0x0000000785700000|100%| E|CS|TAMS 0x0000000785600000, 0x0000000785600000| Complete 
|  87|0x0000000785700000, 0x0000000785800000, 0x0000000785800000|100%| E|CS|TAMS 0x0000000785700000, 0x0000000785700000| Complete 
|  88|0x0000000785800000, 0x0000000785900000, 0x0000000785900000|100%| E|CS|TAMS 0x0000000785800000, 0x0000000785800000| Complete 
|  89|0x0000000785900000, 0x0000000785a00000, 0x0000000785a00000|100%| E|CS|TAMS 0x0000000785900000, 0x0000000785900000| Complete 
|  90|0x0000000785a00000, 0x0000000785b00000, 0x0000000785b00000|100%| E|CS|TAMS 0x0000000785a00000, 0x0000000785a00000| Complete 
|  91|0x0000000785b00000, 0x0000000785c00000, 0x0000000785c00000|100%| E|CS|TAMS 0x0000000785b00000, 0x0000000785b00000| Complete 
|  92|0x0000000785c00000, 0x0000000785d00000, 0x0000000785d00000|100%| E|CS|TAMS 0x0000000785c00000, 0x0000000785c00000| Complete 
|  93|0x0000000785d00000, 0x0000000785e00000, 0x0000000785e00000|100%| E|CS|TAMS 0x0000000785d00000, 0x0000000785d00000| Complete 
|  94|0x0000000785e00000, 0x0000000785f00000, 0x0000000785f00000|100%| E|CS|TAMS 0x0000000785e00000, 0x0000000785e00000| Complete 
|  95|0x0000000785f00000, 0x0000000786000000, 0x0000000786000000|100%| E|CS|TAMS 0x0000000785f00000, 0x0000000785f00000| Complete 
|  96|0x0000000786000000, 0x0000000786100000, 0x0000000786100000|100%| E|CS|TAMS 0x0000000786000000, 0x0000000786000000| Complete 
|  97|0x0000000786100000, 0x0000000786200000, 0x0000000786200000|100%| E|CS|TAMS 0x0000000786100000, 0x0000000786100000| Complete 
|  98|0x0000000786200000, 0x0000000786300000, 0x0000000786300000|100%| E|CS|TAMS 0x0000000786200000, 0x0000000786200000| Complete 
|  99|0x0000000786300000, 0x0000000786400000, 0x0000000786400000|100%| E|CS|TAMS 0x0000000786300000, 0x0000000786300000| Complete 
| 100|0x0000000786400000, 0x0000000786500000, 0x0000000786500000|100%| E|CS|TAMS 0x0000000786400000, 0x0000000786400000| Complete 
| 101|0x0000000786500000, 0x0000000786600000, 0x0000000786600000|100%| E|CS|TAMS 0x0000000786500000, 0x0000000786500000| Complete 
| 102|0x0000000786600000, 0x0000000786700000, 0x0000000786700000|100%| E|CS|TAMS 0x0000000786600000, 0x0000000786600000| Complete 
| 103|0x0000000786700000, 0x0000000786800000, 0x0000000786800000|100%| E|CS|TAMS 0x0000000786700000, 0x0000000786700000| Complete 
| 104|0x0000000786800000, 0x0000000786900000, 0x0000000786900000|100%| E|CS|TAMS 0x0000000786800000, 0x0000000786800000| Complete 
| 105|0x0000000786900000, 0x0000000786a00000, 0x0000000786a00000|100%| E|CS|TAMS 0x0000000786900000, 0x0000000786900000| Complete 
| 106|0x0000000786a00000, 0x0000000786b00000, 0x0000000786b00000|100%| E|CS|TAMS 0x0000000786a00000, 0x0000000786a00000| Complete 
| 107|0x0000000786b00000, 0x0000000786c00000, 0x0000000786c00000|100%| E|CS|TAMS 0x0000000786b00000, 0x0000000786b00000| Complete 
| 108|0x0000000786c00000, 0x0000000786d00000, 0x0000000786d00000|100%| E|CS|TAMS 0x0000000786c00000, 0x0000000786c00000| Complete 
| 109|0x0000000786d00000, 0x0000000786e00000, 0x0000000786e00000|100%| E|CS|TAMS 0x0000000786d00000, 0x0000000786d00000| Complete 
| 110|0x0000000786e00000, 0x0000000786f00000, 0x0000000786f00000|100%| E|CS|TAMS 0x0000000786e00000, 0x0000000786e00000| Complete 
| 111|0x0000000786f00000, 0x0000000787000000, 0x0000000787000000|100%| E|CS|TAMS 0x0000000786f00000, 0x0000000786f00000| Complete 
| 112|0x0000000787000000, 0x0000000787100000, 0x0000000787100000|100%| E|CS|TAMS 0x0000000787000000, 0x0000000787000000| Complete 
| 113|0x0000000787100000, 0x0000000787200000, 0x0000000787200000|100%| E|CS|TAMS 0x0000000787100000, 0x0000000787100000| Complete 
| 114|0x0000000787200000, 0x0000000787300000, 0x0000000787300000|100%| E|CS|TAMS 0x0000000787200000, 0x0000000787200000| Complete 
| 115|0x0000000787300000, 0x0000000787400000, 0x0000000787400000|100%| E|CS|TAMS 0x0000000787300000, 0x0000000787300000| Complete 
| 116|0x0000000787400000, 0x0000000787500000, 0x0000000787500000|100%| E|CS|TAMS 0x0000000787400000, 0x0000000787400000| Complete 
| 117|0x0000000787500000, 0x0000000787600000, 0x0000000787600000|100%| E|CS|TAMS 0x0000000787500000, 0x0000000787500000| Complete 
| 118|0x0000000787600000, 0x0000000787700000, 0x0000000787700000|100%| E|CS|TAMS 0x0000000787600000, 0x0000000787600000| Complete 
| 119|0x0000000787700000, 0x0000000787800000, 0x0000000787800000|100%| E|CS|TAMS 0x0000000787700000, 0x0000000787700000| Complete 
| 120|0x0000000787800000, 0x0000000787900000, 0x0000000787900000|100%| E|CS|TAMS 0x0000000787800000, 0x0000000787800000| Complete 
| 127|0x0000000787f00000, 0x0000000788000000, 0x0000000788000000|100%| E|CS|TAMS 0x0000000787f00000, 0x0000000787f00000| Complete 
|2046|0x00000007ffe00000, 0x00000007ffe76000, 0x00000007fff00000| 46%|OA|  |TAMS 0x00000007ffe76000, 0x00000007ffe00000| Untracked 
|2047|0x00000007fff00000, 0x00000007fff7f000, 0x0000000800000000| 49%|CA|  |TAMS 0x00000007fff7f000, 0x00000007fff00000| Untracked 

Card table byte_map: [0x0000000104400000,0x0000000104800000] _byte_map_base: 0x0000000100800000

Marking Bits (Prev, Next): (CMBitMap*) 0x00007fa6ec020610, (CMBitMap*) 0x00007fa6ec020650
 Prev Bits: [0x000000010606e000, 0x000000010806e000)
 Next Bits: [0x000000010806e000, 0x000000010a06e000)

Polling page: 0x00000001019fe000

Metaspace:

Usage:
  Non-class:     59.64 MB used.
      Class:      8.76 MB used.
       Both:     68.40 MB used.

Virtual space:
  Non-class space:       64.00 MB reserved,      59.88 MB ( 94%) committed,  8 nodes.
      Class space:        1.00 GB reserved,       9.00 MB ( <1%) committed,  1 nodes.
             Both:        1.06 GB reserved,      68.88 MB (  6%) committed. 

Chunk freelists:
   Non-Class:  3.54 MB
       Class:  2.98 MB
        Both:  6.52 MB

MaxMetaspaceSize: unlimited
CompressedClassSpaceSize: 1.00 GB
Initial GC threshold: 21.00 MB
Current GC threshold: 109.81 MB
CDS: on
MetaspaceReclaimPolicy: balanced
 - commit_granule_bytes: 65536.
 - commit_granule_words: 8192.
 - virtual_space_node_default_size: 1048576.
 - enlarge_chunks_in_place: 1.
 - new_chunks_are_fully_committed: 0.
 - uncommit_free_chunks: 1.
 - use_allocation_guard: 0.
 - handle_deallocations: 1.


Internal statistics:

num_allocs_failed_limit: 9.
num_arena_births: 666.
num_arena_deaths: 66.
num_vsnodes_births: 9.
num_vsnodes_deaths: 0.
num_space_committed: 1102.
num_space_uncommitted: 0.
num_chunks_returned_to_freelist: 90.
num_chunks_taken_from_freelist: 3370.
num_chunk_merges: 16.
num_chunk_splits: 2280.
num_chunks_enlarged: 1739.
num_purges: 4.
num_inconsistent_stats: 0.

CodeHeap 'non-profiled nmethods': size=120032Kb used=12498Kb max_used=12636Kb free=107533Kb
 bounds [0x000000011a954000, 0x000000011b5c4000, 0x0000000121e8c000]
CodeHeap 'profiled nmethods': size=120028Kb used=16988Kb max_used=23520Kb free=103039Kb
 bounds [0x000000011341d000, 0x0000000114b1d000, 0x000000011a954000]
CodeHeap 'non-nmethods': size=5700Kb used=1321Kb max_used=1398Kb free=4378Kb
 bounds [0x0000000112e8c000, 0x00000001130fc000, 0x000000011341d000]
 total_blobs=11457 nmethods=10809 adapters=560
 compilation: enabled
              stopped_count=0, restarted_count=0
 full_count=0

Compilation events (20 events):
Event: 704971.861 Thread 0x00007fa6eb04bc00 nmethod 16753 0x000000011b3d5490 code [0x000000011b3d5700, 0x000000011b3d6a40]
Event: 705144.907 Thread 0x00007fa6ec01a800 16755       3       org.apache.tomcat.util.buf.MessageBytes::equals (78 bytes)
Event: 705144.917 Thread 0x00007fa6ec01a800 nmethod 16755 0x000000011380e790 code [0x000000011380e980, 0x000000011380ed20]
Event: 705144.940 Thread 0x00007fa6eb04bc00 16756   !   4       org.springframework.web.servlet.mvc.method.annotation.RequestMappingHandlerAdapter::handleInternal (128 bytes)
Event: 705147.450 Thread 0x00007fa6eb04bc00 nmethod 16756 0x000000011b5ab010 code [0x000000011b5ab540, 0x000000011b5b2b90]
Event: 705172.902 Thread 0x00007fa6eb04bc00 16758       4       org.springframework.web.servlet.DispatcherServlet::getHandlerAdapter (83 bytes)
Event: 705172.932 Thread 0x00007fa6eb04bc00 nmethod 16758 0x000000011b252f90 code [0x000000011b253120, 0x000000011b253318]
Event: 705190.644 Thread 0x00007fa6ec01a800 16759       3       org.apache.catalina.connector.RequestFacade::getContentType (31 bytes)
Event: 705191.458 Thread 0x00007fa6ec01a800 nmethod 16759 0x0000000113930890 code [0x0000000113930a60, 0x0000000113930d60]
Event: 705211.472 Thread 0x00007fa6eb04bc00 16761       4       java.lang.AbstractStringBuilder::checkRange (63 bytes)
Event: 705211.475 Thread 0x00007fa6eb04bc00 nmethod 16761 0x000000011ae7c110 code [0x000000011ae7c2a0, 0x000000011ae7c358]
Event: 705409.581 Thread 0x00007fa6eb04bc00 16762       4       org.springframework.web.servlet.HandlerExecutionChain::addInterceptor (12 bytes)
Event: 705409.625 Thread 0x00007fa6eb04bc00 nmethod 16762 0x000000011b44f890 code [0x000000011b44fa20, 0x000000011b44fd98]
Event: 705409.625 Thread 0x00007fa6eb04bc00 16763       4       org.springframework.web.servlet.mvc.method.AbstractHandlerMethodAdapter::handle (11 bytes)
Event: 705409.717 Thread 0x00007fa6eb04bc00 nmethod 16763 0x000000011b23b190 code [0x000000011b23b320, 0x000000011b23b408]
Event: 705422.345 Thread 0x00007fa6eb04bc00 16764       4       org.springframework.web.servlet.handler.AbstractHandlerMapping$CorsInterceptor::<init> (15 bytes)
Event: 705422.361 Thread 0x00007fa6ec01a800 16765       3       org.springframework.web.cors.DefaultCorsProcessor::processRequest (163 bytes)
Event: 705422.385 Thread 0x00007fa6eb04bc00 nmethod 16764 0x000000011b0c5e90 code [0x000000011b0c6000, 0x000000011b0c6238]
Event: 705422.648 Thread 0x00007fa6ec01a800 nmethod 16765 0x00000001135c7f90 code [0x00000001135c8360, 0x00000001135c9a90]
Event: 705721.892 Thread 0x00007fa6eb04bc00 16766       4       org.springframework.util.LinkedCaseInsensitiveMap::put (10 bytes)

GC Heap History (20 events):
Event: 700101.165 GC heap before
{Heap before GC invocations=490 (full 0):
 garbage-first heap   total 126976K, used 110030K [0x0000000780000000, 0x0000000800000000)
  region size 1024K, 71 young (72704K), 1 survivors (1024K)
 Metaspace       used 69987K, committed 70464K, reserved 1114112K
  class space    used 8963K, committed 9216K, reserved 1048576K
}
Event: 700101.187 GC heap after
{Heap after GC invocations=491 (full 0):
 garbage-first heap   total 126976K, used 38374K [0x0000000780000000, 0x0000000800000000)
  region size 1024K, 1 young (1024K), 1 survivors (1024K)
 Metaspace       used 69987K, committed 70464K, reserved 1114112K
  class space    used 8963K, committed 9216K, reserved 1048576K
}
Event: 700121.686 GC heap before
{Heap before GC invocations=491 (full 0):
 garbage-first heap   total 126976K, used 110054K [0x0000000780000000, 0x0000000800000000)
  region size 1024K, 71 young (72704K), 1 survivors (1024K)
 Metaspace       used 69987K, committed 70464K, reserved 1114112K
  class space    used 8963K, committed 9216K, reserved 1048576K
}
Event: 700121.689 GC heap after
{Heap after GC invocations=492 (full 0):
 garbage-first heap   total 126976K, used 38394K [0x0000000780000000, 0x0000000800000000)
  region size 1024K, 1 young (1024K), 1 survivors (1024K)
 Metaspace       used 69987K, committed 70464K, reserved 1114112K
  class space    used 8963K, committed 9216K, reserved 1048576K
}
Event: 700128.238 GC heap before
{Heap before GC invocations=492 (full 0):
 garbage-first heap   total 126976K, used 110074K [0x0000000780000000, 0x0000000800000000)
  region size 1024K, 71 young (72704K), 1 survivors (1024K)
 Metaspace       used 69987K, committed 70464K, reserved 1114112K
  class space    used 8963K, committed 9216K, reserved 1048576K
}
Event: 700128.243 GC heap after
{Heap after GC invocations=493 (full 0):
 garbage-first heap   total 126976K, used 38422K [0x0000000780000000, 0x0000000800000000)
  region size 1024K, 1 young (1024K), 1 survivors (1024K)
 Metaspace       used 69987K, committed 70464K, reserved 1114112K
  class space    used 8963K, committed 9216K, reserved 1048576K
}
Event: 700135.090 GC heap before
{Heap before GC invocations=493 (full 0):
 garbage-first heap   total 126976K, used 110102K [0x0000000780000000, 0x0000000800000000)
  region size 1024K, 71 young (72704K), 1 survivors (1024K)
 Metaspace       used 69987K, committed 70464K, reserved 1114112K
  class space    used 8963K, committed 9216K, reserved 1048576K
}
Event: 700135.096 GC heap after
{Heap after GC invocations=494 (full 0):
 garbage-first heap   total 126976K, used 38427K [0x0000000780000000, 0x0000000800000000)
  region size 1024K, 1 young (1024K), 1 survivors (1024K)
 Metaspace       used 69987K, committed 70464K, reserved 1114112K
  class space    used 8963K, committed 9216K, reserved 1048576K
}
Event: 700140.762 GC heap before
{Heap before GC invocations=494 (full 0):
 garbage-first heap   total 126976K, used 110107K [0x0000000780000000, 0x0000000800000000)
  region size 1024K, 71 young (72704K), 1 survivors (1024K)
 Metaspace       used 69987K, committed 70464K, reserved 1114112K
  class space    used 8963K, committed 9216K, reserved 1048576K
}
Event: 700140.765 GC heap after
{Heap after GC invocations=495 (full 0):
 garbage-first heap   total 126976K, used 38457K [0x0000000780000000, 0x0000000800000000)
  region size 1024K, 1 young (1024K), 1 survivors (1024K)
 Metaspace       used 69987K, committed 70464K, reserved 1114112K
  class space    used 8963K, committed 9216K, reserved 1048576K
}
Event: 700146.946 GC heap before
{Heap before GC invocations=495 (full 0):
 garbage-first heap   total 126976K, used 110137K [0x0000000780000000, 0x0000000800000000)
  region size 1024K, 71 young (72704K), 1 survivors (1024K)
 Metaspace       used 69987K, committed 70464K, reserved 1114112K
  class space    used 8963K, committed 9216K, reserved 1048576K
}
Event: 700146.949 GC heap after
{Heap after GC invocations=496 (full 0):
 garbage-first heap   total 126976K, used 38478K [0x0000000780000000, 0x0000000800000000)
  region size 1024K, 1 young (1024K), 1 survivors (1024K)
 Metaspace       used 69987K, committed 70464K, reserved 1114112K
  class space    used 8963K, committed 9216K, reserved 1048576K
}
Event: 700153.054 GC heap before
{Heap before GC invocations=496 (full 0):
 garbage-first heap   total 126976K, used 110158K [0x0000000780000000, 0x0000000800000000)
  region size 1024K, 71 young (72704K), 1 survivors (1024K)
 Metaspace       used 69987K, committed 70464K, reserved 1114112K
  class space    used 8963K, committed 9216K, reserved 1048576K
}
Event: 700153.058 GC heap after
{Heap after GC invocations=497 (full 0):
 garbage-first heap   total 126976K, used 38479K [0x0000000780000000, 0x0000000800000000)
  region size 1024K, 1 young (1024K), 1 survivors (1024K)
 Metaspace       used 69987K, committed 70464K, reserved 1114112K
  class space    used 8963K, committed 9216K, reserved 1048576K
}
Event: 700159.109 GC heap before
{Heap before GC invocations=497 (full 0):
 garbage-first heap   total 126976K, used 110159K [0x0000000780000000, 0x0000000800000000)
  region size 1024K, 71 young (72704K), 1 survivors (1024K)
 Metaspace       used 69987K, committed 70464K, reserved 1114112K
  class space    used 8963K, committed 9216K, reserved 1048576K
}
Event: 700159.115 GC heap after
{Heap after GC invocations=498 (full 0):
 garbage-first heap   total 126976K, used 38486K [0x0000000780000000, 0x0000000800000000)
  region size 1024K, 1 young (1024K), 1 survivors (1024K)
 Metaspace       used 69987K, committed 70464K, reserved 1114112K
  class space    used 8963K, committed 9216K, reserved 1048576K
}
Event: 700201.207 GC heap before
{Heap before GC invocations=498 (full 0):
 garbage-first heap   total 126976K, used 110166K [0x0000000780000000, 0x0000000800000000)
  region size 1024K, 71 young (72704K), 1 survivors (1024K)
 Metaspace       used 69987K, committed 70464K, reserved 1114112K
  class space    used 8963K, committed 9216K, reserved 1048576K
}
Event: 700201.301 GC heap after
{Heap after GC invocations=499 (full 0):
 garbage-first heap   total 126976K, used 38546K [0x0000000780000000, 0x0000000800000000)
  region size 1024K, 1 young (1024K), 1 survivors (1024K)
 Metaspace       used 69987K, committed 70464K, reserved 1114112K
  class space    used 8963K, committed 9216K, reserved 1048576K
}
Event: 703098.944 GC heap before
{Heap before GC invocations=499 (full 0):
 garbage-first heap   total 126976K, used 110226K [0x0000000780000000, 0x0000000800000000)
  region size 1024K, 71 young (72704K), 1 survivors (1024K)
 Metaspace       used 70015K, committed 70528K, reserved 1114112K
  class space    used 8964K, committed 9216K, reserved 1048576K
}
Event: 703098.993 GC heap after
{Heap after GC invocations=500 (full 0):
 garbage-first heap   total 126976K, used 39422K [0x0000000780000000, 0x0000000800000000)
  region size 1024K, 2 young (2048K), 2 survivors (2048K)
 Metaspace       used 70015K, committed 70528K, reserved 1114112K
  class space    used 8964K, committed 9216K, reserved 1048576K
}

Deoptimization events (20 events):
Event: 704081.443 Thread 0x00007fa6ecea3800 Uncommon trap: trap_request=0xffffffde fr.pc=0x000000011b34f22c relative=0x0000000000000a6c
Event: 704081.443 Thread 0x00007fa6ecea3800 Uncommon trap: reason=class_check action=maybe_recompile pc=0x000000011b34f22c method=org.apache.coyote.http11.Http11OutputBuffer.nextRequest()V @ 16 c2
Event: 704081.443 Thread 0x00007fa6ecea3800 DEOPT PACKING pc=0x000000011b34f22c sp=0x000070000951c740
Event: 704081.444 Thread 0x00007fa6ecea3800 DEOPT UNPACKING pc=0x0000000112ede099 sp=0x000070000951c728 mode 2
Event: 704182.261 Thread 0x00007fa6ec380800 Uncommon trap: trap_request=0xffffffde fr.pc=0x000000011b11b1d8 relative=0x0000000000000ed8
Event: 704182.261 Thread 0x00007fa6ec380800 Uncommon trap: reason=class_check action=maybe_recompile pc=0x000000011b11b1d8 method=org.apache.coyote.http11.Http11OutputBuffer.doWrite(Ljava/nio/ByteBuffer;)I @ 50 c2
Event: 704182.261 Thread 0x00007fa6ec380800 DEOPT PACKING pc=0x000000011b11b1d8 sp=0x0000700009316310
Event: 704182.261 Thread 0x00007fa6ec380800 DEOPT UNPACKING pc=0x0000000112ede099 sp=0x0000700009316178 mode 2
Event: 704265.600 Thread 0x00007fa6ecea3800 Uncommon trap: trap_request=0xffffff45 fr.pc=0x000000011b4d9b74 relative=0x00000000000003b4
Event: 704265.600 Thread 0x00007fa6ecea3800 Uncommon trap: reason=unstable_if action=reinterpret pc=0x000000011b4d9b74 method=org.apache.tomcat.util.buf.ByteChunk.allocate(II)V @ 13 c2
Event: 704265.600 Thread 0x00007fa6ecea3800 DEOPT PACKING pc=0x000000011b4d9b74 sp=0x000070000951c560
Event: 704265.601 Thread 0x00007fa6ecea3800 DEOPT UNPACKING pc=0x0000000112ede099 sp=0x000070000951c4b0 mode 2
Event: 704265.627 Thread 0x00007fa6ecea3800 Uncommon trap: trap_request=0xffffffde fr.pc=0x000000011b11b1d8 relative=0x0000000000000ed8
Event: 704265.627 Thread 0x00007fa6ecea3800 Uncommon trap: reason=class_check action=maybe_recompile pc=0x000000011b11b1d8 method=org.apache.coyote.http11.Http11OutputBuffer.doWrite(Ljava/nio/ByteBuffer;)I @ 50 c2
Event: 704265.627 Thread 0x00007fa6ecea3800 DEOPT PACKING pc=0x000000011b11b1d8 sp=0x000070000951c310
Event: 704265.627 Thread 0x00007fa6ecea3800 DEOPT UNPACKING pc=0x0000000112ede099 sp=0x000070000951c178 mode 2
Event: 705721.981 Thread 0x00007fa6ec380e00 Uncommon trap: trap_request=0xffffffbe fr.pc=0x000000011b099560 relative=0x00000000000002a0
Event: 705721.984 Thread 0x00007fa6ec380e00 Uncommon trap: reason=profile_predicate action=maybe_recompile pc=0x000000011b099560 method=java.util.regex.Pattern$SliceI.match(Ljava/util/regex/Matcher;ILjava/lang/CharSequence;)Z @ 18 c2
Event: 705721.985 Thread 0x00007fa6ec380e00 DEOPT PACKING pc=0x000000011b099560 sp=0x000070000961c790
Event: 705721.987 Thread 0x00007fa6ec380e00 DEOPT UNPACKING pc=0x0000000112ede099 sp=0x000070000961c728 mode 2

Classes unloaded (20 events):
Event: 615226.794 Thread 0x00007fa6eb81cc10 Unloading class 0x0000000800e94800 'jdk/internal/reflect/GeneratedConstructorAccessor11'
Event: 615226.795 Thread 0x00007fa6eb81cc10 Unloading class 0x0000000800e94400 'jdk/internal/reflect/GeneratedConstructorAccessor10'
Event: 615226.797 Thread 0x00007fa6eb81cc10 Unloading class 0x0000000800e94000 'jdk/internal/reflect/GeneratedConstructorAccessor9'
Event: 615226.797 Thread 0x00007fa6eb81cc10 Unloading class 0x0000000800e80400 'jdk/internal/reflect/GeneratedConstructorAccessor8'
Event: 615226.797 Thread 0x00007fa6eb81cc10 Unloading class 0x0000000800e54400 'java/lang/invoke/LambdaForm$DMH+0x0000000800e54400'
Event: 615226.797 Thread 0x00007fa6eb81cc10 Unloading class 0x0000000800df6800 'java/lang/invoke/LambdaForm$MH+0x0000000800df6800'
Event: 615226.798 Thread 0x00007fa6eb81cc10 Unloading class 0x0000000800df6400 'java/lang/invoke/LambdaForm$MH+0x0000000800df6400'
Event: 615226.798 Thread 0x00007fa6eb81cc10 Unloading class 0x0000000800df6000 'java/lang/invoke/LambdaForm$MH+0x0000000800df6000'
Event: 615226.798 Thread 0x00007fa6eb81cc10 Unloading class 0x0000000800df5c00 'java/lang/invoke/LambdaForm$MH+0x0000000800df5c00'
Event: 615226.798 Thread 0x00007fa6eb81cc10 Unloading class 0x0000000800df5400 'java/lang/invoke/LambdaForm$MH+0x0000000800df5400'
Event: 615226.798 Thread 0x00007fa6eb81cc10 Unloading class 0x0000000800df5000 'java/lang/invoke/LambdaForm$MH+0x0000000800df5000'
Event: 615226.798 Thread 0x00007fa6eb81cc10 Unloading class 0x0000000800df4c00 'java/lang/invoke/LambdaForm$MH+0x0000000800df4c00'
Event: 615226.798 Thread 0x00007fa6eb81cc10 Unloading class 0x0000000800df4800 'java/lang/invoke/LambdaForm$MH+0x0000000800df4800'
Event: 615226.798 Thread 0x00007fa6eb81cc10 Unloading class 0x0000000800d70800 'jdk/internal/reflect/GeneratedConstructorAccessor3'
Event: 615226.799 Thread 0x00007fa6eb81cc10 Unloading class 0x0000000800d19800 'java/lang/invoke/LambdaForm$MH+0x0000000800d19800'
Event: 615226.800 Thread 0x00007fa6eb81cc10 Unloading class 0x0000000800d19000 'java/lang/invoke/LambdaForm$MH+0x0000000800d19000'
Event: 615226.801 Thread 0x00007fa6eb81cc10 Unloading class 0x0000000800d18c00 'java/lang/invoke/LambdaForm$MH+0x0000000800d18c00'
Event: 615226.801 Thread 0x00007fa6eb81cc10 Unloading class 0x0000000800d18800 'java/lang/invoke/LambdaForm$MH+0x0000000800d18800'
Event: 615226.802 Thread 0x00007fa6eb81cc10 Unloading class 0x0000000800d18000 'java/lang/invoke/LambdaForm$MH+0x0000000800d18000'
Event: 615226.803 Thread 0x00007fa6eb81cc10 Unloading class 0x0000000800d11800 'java/lang/invoke/LambdaForm$MH+0x0000000800d11800'

Classes redefined (0 events):
No events

Internal exceptions (20 events):
Event: 694641.500 Thread 0x00007fa6eca6e800 Exception <a 'java/io/IOException'{0x00000007872b6b30}> (0x00000007872b6b30) 
thrown [open/src/hotspot/share/prims/jni.cpp, line 516]
Event: 696771.837 Thread 0x00007fa6eca6e800 Exception <a 'java/io/IOException'{0x000000078409c968}> (0x000000078409c968) 
thrown [open/src/hotspot/share/prims/jni.cpp, line 516]
Event: 696831.858 Thread 0x00007fa6eca6e800 Exception <a 'java/io/IOException'{0x0000000783fe8df8}> (0x0000000783fe8df8) 
thrown [open/src/hotspot/share/prims/jni.cpp, line 516]
Event: 696891.874 Thread 0x00007fa6eca6e800 Exception <a 'java/io/IOException'{0x0000000783d3c388}> (0x0000000783d3c388) 
thrown [open/src/hotspot/share/prims/jni.cpp, line 516]
Event: 696951.884 Thread 0x00007fa6eca6e800 Exception <a 'java/io/IOException'{0x0000000783c892b8}> (0x0000000783c892b8) 
thrown [open/src/hotspot/share/prims/jni.cpp, line 516]
Event: 696981.892 Thread 0x00007fa6eca6e800 Exception <a 'java/io/IOException'{0x0000000783b36d50}> (0x0000000783b36d50) 
thrown [open/src/hotspot/share/prims/jni.cpp, line 516]
Event: 697011.895 Thread 0x00007fa6eca6e800 Exception <a 'java/io/IOException'{0x0000000783bde410}> (0x0000000783bde410) 
thrown [open/src/hotspot/share/prims/jni.cpp, line 516]
Event: 697042.946 Thread 0x00007fa6eca6e800 Exception <a 'java/io/IOException'{0x0000000783a80ae8}> (0x0000000783a80ae8) 
thrown [open/src/hotspot/share/prims/jni.cpp, line 516]
Event: 698723.975 Thread 0x00007fa6eca6e800 Exception <a 'java/io/IOException'{0x00000007860b3b08}> (0x00000007860b3b08) 
thrown [open/src/hotspot/share/prims/jni.cpp, line 516]
Event: 699294.543 Thread 0x00007fa6eca6e800 Exception <a 'java/io/IOException'{0x00000007855b42a8}> (0x00000007855b42a8) 
thrown [open/src/hotspot/share/prims/jni.cpp, line 516]
Event: 699324.557 Thread 0x00007fa6eca6e800 Exception <a 'java/io/IOException'{0x000000078545b298}> (0x000000078545b298) 
thrown [open/src/hotspot/share/prims/jni.cpp, line 516]
Event: 699384.644 Thread 0x00007fa6eca6e800 Exception <a 'java/io/IOException'{0x000000078535b5f8}> (0x000000078535b5f8) 
thrown [open/src/hotspot/share/prims/jni.cpp, line 516]
Event: 699414.644 Thread 0x00007fa6eca6e800 Exception <a 'java/io/IOException'{0x00000007852014d0}> (0x00000007852014d0) 
thrown [open/src/hotspot/share/prims/jni.cpp, line 516]
Event: 701305.142 Thread 0x00007fa6eca6e800 Exception <a 'java/io/IOException'{0x0000000785ca37a0}> (0x0000000785ca37a0) 
thrown [open/src/hotspot/share/prims/jni.cpp, line 516]
Event: 703064.719 Thread 0x00007fa6ecbde400 Implicit null exception at 0x000000011b58fa88 to 0x000000011b58fbd4
Event: 703064.721 Thread 0x00007fa6ec380800 Implicit null exception at 0x000000011b58fa88 to 0x000000011b58fbd4
Event: 703064.723 Thread 0x00007fa6ec380800 Implicit null exception at 0x000000011b576154 to 0x000000011b576280
Event: 703064.723 Thread 0x00007fa6ecbde400 Implicit null exception at 0x000000011b576154 to 0x000000011b576280
Event: 703942.341 Thread 0x00007fa6ecb5de00 Implicit null exception at 0x000000011b498264 to 0x000000011b49941c
Event: 703942.908 Thread 0x00007fa6ecb5de00 Implicit null exception at 0x000000011b579587 to 0x000000011b579adc

VM Operations (20 events):
Event: 703725.931 Executing VM operation: Cleanup
Event: 703725.942 Executing VM operation: Cleanup done
Event: 703805.183 Executing VM operation: Cleanup
Event: 703805.184 Executing VM operation: Cleanup done
Event: 703807.193 Executing VM operation: Cleanup
Event: 703807.203 Executing VM operation: Cleanup done
Event: 703809.212 Executing VM operation: Cleanup
Event: 703809.212 Executing VM operation: Cleanup done
Event: 703943.335 Executing VM operation: HandshakeAllThreads
Event: 703943.335 Executing VM operation: HandshakeAllThreads done
Event: 703943.335 Executing VM operation: Cleanup
Event: 703943.335 Executing VM operation: Cleanup done
Event: 703988.497 Executing VM operation: Cleanup
Event: 703988.508 Executing VM operation: Cleanup done
Event: 704183.173 Executing VM operation: Cleanup
Event: 704183.173 Executing VM operation: Cleanup done
Event: 705211.551 Executing VM operation: Cleanup
Event: 705211.562 Executing VM operation: Cleanup done
Event: 705722.148 Executing VM operation: Cleanup
Event: 705722.153 Executing VM operation: Cleanup done

Events (20 events):
Event: 704872.702 Protecting memory [0x00007000082ea000,0x00007000082ee000] with protection modes 3
Event: 704872.716 Thread 0x00007fa6f22ed800 Thread exited: 0x00007fa6f22ed800
Event: 704872.778 Protecting memory [0x00007000083ed000,0x00007000083f1000] with protection modes 3
Event: 704872.779 Thread 0x00007fa6f22ede00 Thread exited: 0x00007fa6f22ede00
Event: 704878.834 Thread 0x00007fa6eca66800 Thread added: 0x00007fa6eca66800
Event: 704878.834 Protecting memory [0x00007000082ea000,0x00007000082ee000] with protection modes 0
Event: 704878.834 Thread 0x00007fa6f2303c00 Thread added: 0x00007fa6f2303c00
Event: 704878.834 Protecting memory [0x00007000083ed000,0x00007000083f1000] with protection modes 0
Event: 704883.840 Protecting memory [0x00007000082ea000,0x00007000082ee000] with protection modes 3
Event: 704883.840 Thread 0x00007fa6eca66800 Thread exited: 0x00007fa6eca66800
Event: 704883.870 Protecting memory [0x00007000083ed000,0x00007000083f1000] with protection modes 3
Event: 704883.870 Thread 0x00007fa6f2303c00 Thread exited: 0x00007fa6f2303c00
Event: 704884.157 Thread 0x00007fa6ec041e00 Thread added: 0x00007fa6ec041e00
Event: 704884.158 Protecting memory [0x00007000082ea000,0x00007000082ee000] with protection modes 0
Event: 704884.186 Thread 0x00007fa6f2303c00 Thread added: 0x00007fa6f2303c00
Event: 704884.187 Protecting memory [0x00007000083ed000,0x00007000083f1000] with protection modes 0
Event: 704889.197 Protecting memory [0x00007000082ea000,0x00007000082ee000] with protection modes 3
Event: 704889.197 Thread 0x00007fa6ec041e00 Thread exited: 0x00007fa6ec041e00
Event: 704889.555 Protecting memory [0x00007000083ed000,0x00007000083f1000] with protection modes 3
Event: 704889.556 Thread 0x00007fa6f2303c00 Thread exited: 0x00007fa6f2303c00


Dynamic libraries:
0x0000000101a00000 	/Library/Java/JavaVirtualMachines/jdk-17.0.4.jdk/Contents/Home/lib/libjli.dylib
0x00007ff81e6ba000 	/usr/lib/libz.1.dylib
0x00007ff81e79a000 	/usr/lib/libSystem.B.dylib
0x00007ff81e795000 	/usr/lib/system/libcache.dylib
0x00007ff81e751000 	/usr/lib/system/libcommonCrypto.dylib
0x00007ff81e77a000 	/usr/lib/system/libcompiler_rt.dylib
0x00007ff81e770000 	/usr/lib/system/libcopyfile.dylib
0x00007ff813723000 	/usr/lib/system/libcorecrypto.dylib
0x00007ff8137e1000 	/usr/lib/system/libdispatch.dylib
0x00007ff8139a2000 	/usr/lib/system/libdyld.dylib
0x00007ff81e78c000 	/usr/lib/system/libkeymgr.dylib
0x00007ff81e72f000 	/usr/lib/system/libmacho.dylib
0x00007ff81ddb0000 	/usr/lib/system/libquarantine.dylib
0x00007ff81e78a000 	/usr/lib/system/libremovefile.dylib
0x00007ff81893b000 	/usr/lib/system/libsystem_asl.dylib
0x00007ff8136cc000 	/usr/lib/system/libsystem_blocks.dylib
0x00007ff813866000 	/usr/lib/system/libsystem_c.dylib
0x00007ff81e782000 	/usr/lib/system/libsystem_collections.dylib
0x00007ff81d064000 	/usr/lib/system/libsystem_configuration.dylib
0x00007ff81c30d000 	/usr/lib/system/libsystem_containermanager.dylib
0x00007ff81e467000 	/usr/lib/system/libsystem_coreservices.dylib
0x00007ff815fd9000 	/usr/lib/system/libsystem_darwin.dylib
0x00007ff81e78d000 	/usr/lib/system/libsystem_dnssd.dylib
0x00007ff813863000 	/usr/lib/system/libsystem_featureflags.dylib
0x00007ff8139b8000 	/usr/lib/system/libsystem_info.dylib
0x00007ff81e6cd000 	/usr/lib/system/libsystem_m.dylib
0x00007ff8137b5000 	/usr/lib/system/libsystem_malloc.dylib
0x00007ff8188d6000 	/usr/lib/system/libsystem_networkextension.dylib
0x00007ff816403000 	/usr/lib/system/libsystem_notify.dylib
0x00007ff824a0e000 	/usr/lib/system/libsystem_product_info_filter.dylib
0x00007ff81d068000 	/usr/lib/system/libsystem_sandbox.dylib
0x00007ff81e787000 	/usr/lib/system/libsystem_secinit.dylib
0x00007ff81395e000 	/usr/lib/system/libsystem_kernel.dylib
0x00007ff8139ae000 	/usr/lib/system/libsystem_platform.dylib
0x00007ff813996000 	/usr/lib/system/libsystem_pthread.dylib
0x00007ff81a189000 	/usr/lib/system/libsystem_symptoms.dylib
0x00007ff81370a000 	/usr/lib/system/libsystem_trace.dylib
0x00007ff81e75d000 	/usr/lib/system/libunwind.dylib
0x00007ff8136ce000 	/usr/lib/system/libxpc.dylib
0x00007ff813948000 	/usr/lib/libc++abi.dylib
0x00007ff813828000 	/usr/lib/libobjc.A.dylib
0x00007ff81e768000 	/usr/lib/liboah.dylib
0x00007ff8138ef000 	/usr/lib/libc++.1.dylib
0x00007ff82a823000 	/System/Library/Frameworks/Cocoa.framework/Versions/A/Cocoa
0x00007ff816461000 	/System/Library/Frameworks/AppKit.framework/Versions/C/AppKit
0x00007ff819977000 	/System/Library/Frameworks/CoreData.framework/Versions/A/CoreData
0x00007ff814860000 	/System/Library/Frameworks/Foundation.framework/Versions/C/Foundation
0x00007ff8172f1000 	/System/Library/PrivateFrameworks/UIFoundation.framework/Versions/A/UIFoundation
0x00007ff824711000 	/System/Library/PrivateFrameworks/RemoteViewServices.framework/Versions/A/RemoteViewServices
0x00007ff81c9ed000 	/System/Library/PrivateFrameworks/XCTTargetBootstrap.framework/Versions/A/XCTTargetBootstrap
0x00007ff8205a7000 	/System/Library/PrivateFrameworks/InternationalSupport.framework/Versions/A/InternationalSupport
0x00007ff820631000 	/System/Library/PrivateFrameworks/UserActivity.framework/Versions/A/UserActivity
0x00007ff81f982000 	/usr/lib/libspindump.dylib
0x00007ff817580000 	/System/Library/Frameworks/UniformTypeIdentifiers.framework/Versions/A/UniformTypeIdentifiers
0x00007ff81b112000 	/usr/lib/libapp_launch_measurement.dylib
0x00007ff81a349000 	/System/Library/PrivateFrameworks/CoreAnalytics.framework/Versions/A/CoreAnalytics
0x00007ff81b115000 	/System/Library/PrivateFrameworks/CoreAutoLayout.framework/Versions/A/CoreAutoLayout
0x00007ff81c345000 	/System/Library/Frameworks/Metal.framework/Versions/A/Metal
0x00007ff81d074000 	/usr/lib/liblangid.dylib
0x00007ff81c9f2000 	/System/Library/PrivateFrameworks/CoreSVG.framework/Versions/A/CoreSVG
0x00007ff81896b000 	/System/Library/PrivateFrameworks/SkyLight.framework/Versions/A/SkyLight
0x00007ff818d0a000 	/System/Library/Frameworks/CoreGraphics.framework/Versions/A/CoreGraphics
0x00007ff824dd1000 	/System/Library/Frameworks/Accelerate.framework/Versions/A/Accelerate
0x00007ff81f401000 	/System/Library/PrivateFrameworks/IconServices.framework/Versions/A/IconServices
0x00007ff81c32a000 	/System/Library/Frameworks/IOSurface.framework/Versions/A/IOSurface
0x00007ff81a377000 	/usr/lib/libDiagnosticMessagesClient.dylib
0x00007ff8284c7000 	/System/Library/Frameworks/ApplicationServices.framework/Versions/A/ApplicationServices
0x00007ff81c9d9000 	/System/Library/PrivateFrameworks/DFRFoundation.framework/Versions/A/DFRFoundation
0x00007ff815d45000 	/usr/lib/libicucore.A.dylib
0x00007ff82139d000 	/System/Library/Frameworks/AudioToolbox.framework/Versions/A/AudioToolbox
0x00007ff8205b3000 	/System/Library/PrivateFrameworks/DataDetectorsCore.framework/Versions/A/DataDetectorsCore
0x00007ff91cab6000 	/System/Library/PrivateFrameworks/TextInput.framework/Versions/A/TextInput
0x00007ff8188ee000 	/usr/lib/libMobileGestalt.dylib
0x00007ff81c6e5000 	/System/Library/Frameworks/Carbon.framework/Versions/A/Frameworks/HIToolbox.framework/Versions/A/HIToolbox
0x00007ff81ab14000 	/System/Library/Frameworks/QuartzCore.framework/Versions/A/QuartzCore
0x00007ff8159ea000 	/System/Library/Frameworks/Security.framework/Versions/A/Security
0x00007ff824749000 	/System/Library/Frameworks/Carbon.framework/Versions/A/Frameworks/SpeechRecognition.framework/Versions/A/SpeechRecognition
0x00007ff81ae72000 	/System/Library/PrivateFrameworks/CoreUI.framework/Versions/A/CoreUI
0x00007ff8152b4000 	/System/Library/Frameworks/CoreAudio.framework/Versions/A/CoreAudio
0x00007ff81a466000 	/System/Library/Frameworks/DiskArbitration.framework/Versions/A/DiskArbitration
0x00007ff81fd73000 	/System/Library/PrivateFrameworks/MultitouchSupport.framework/Versions/A/MultitouchSupport
0x00007ff8188ed000 	/usr/lib/libenergytrace.dylib
0x00007ff816349000 	/System/Library/Frameworks/IOKit.framework/Versions/A/IOKit
0x00007ff824b39000 	/System/Library/Frameworks/CoreServices.framework/Versions/A/CoreServices
0x00007ff81b0ac000 	/System/Library/PrivateFrameworks/PerformanceAnalysis.framework/Versions/A/PerformanceAnalysis
0x00007ffa2c787000 	/System/Library/Frameworks/OpenGL.framework/Versions/A/OpenGL
0x00007ff81dcd6000 	/System/Library/PrivateFrameworks/MobileKeyBag.framework/Versions/A/MobileKeyBag
0x00007ff8193d6000 	/System/Library/Frameworks/ColorSync.framework/Versions/A/ColorSync
0x00007ff8139e3000 	/System/Library/Frameworks/CoreFoundation.framework/Versions/A/CoreFoundation
0x00007ff81cc6a000 	/System/Library/Frameworks/CoreImage.framework/Versions/A/CoreImage
0x00007ff8150c8000 	/System/Library/Frameworks/CoreText.framework/Versions/A/CoreText
0x00007ff81ca22000 	/System/Library/Frameworks/ImageIO.framework/Versions/A/ImageIO
0x00007ff81e7a0000 	/System/Library/PrivateFrameworks/SoftLinking.framework/Versions/A/SoftLinking
0x00007ff81b15d000 	/usr/lib/libxml2.2.dylib
0x00007ff81ea24000 	/usr/lib/libcompression.dylib
0x00007ff8204da000 	/System/Library/PrivateFrameworks/TextureIO.framework/Versions/A/TextureIO
0x00007ff81f112000 	/usr/lib/libate.dylib
0x00007ff81eeee000 	/usr/lib/liblzma.5.dylib
0x00007ff814572000 	/System/Library/Frameworks/SystemConfiguration.framework/Versions/A/SystemConfiguration
0x00007ff81e79c000 	/usr/lib/libfakelink.dylib
0x00007ff818447000 	/System/Library/Frameworks/CFNetwork.framework/Versions/A/CFNetwork
0x00007ff81e8dd000 	/usr/lib/libarchive.2.dylib
0x00007ff81d070000 	/System/Library/PrivateFrameworks/AppleSystemInfo.framework/Versions/A/AppleSystemInfo
0x00007ff81ddd7000 	/usr/lib/libbsm.0.dylib
0x00007ff817a56000 	/usr/lib/libnetwork.dylib
0x00007ff81e735000 	/usr/lib/system/libkxld.dylib
0x00007ff81da0a000 	/System/Library/PrivateFrameworks/IOMobileFramebuffer.framework/Versions/A/IOMobileFramebuffer
0x00007ffb2c13e000 	/usr/lib/libCoreEntitlements.dylib
0x00007ff81e449000 	/System/Library/PrivateFrameworks/AppleFSCompression.framework/Versions/A/AppleFSCompression
0x00007ff81ddbf000 	/usr/lib/libcoretls.dylib
0x00007ff81ef08000 	/usr/lib/libcoretls_cfhelpers.dylib
0x00007ff81ea1e000 	/usr/lib/libpam.2.dylib
0x00007ff819da8000 	/usr/lib/libsqlite3.dylib
0x00007ff81ef77000 	/usr/lib/libxar.1.dylib
0x00007ff81e459000 	/usr/lib/libbz2.1.0.dylib
0x00007ff81e7a1000 	/usr/lib/libpcap.A.dylib
0x00007ff81a181000 	/usr/lib/libdns_services.dylib
0x00007ff81e9ee000 	/usr/lib/libapple_nghttp2.dylib
0x00007ff81e7db000 	/usr/lib/libiconv.2.dylib
0x00007ff81e72e000 	/usr/lib/libcharset.1.dylib
0x00007ff81b0e0000 	/System/Library/Frameworks/CoreServices.framework/Versions/A/Frameworks/FSEvents.framework/Versions/A/FSEvents
0x00007ff815fe3000 	/System/Library/Frameworks/CoreServices.framework/Versions/A/Frameworks/CarbonCore.framework/Versions/A/CarbonCore
0x00007ff81a3ca000 	/System/Library/Frameworks/CoreServices.framework/Versions/A/Frameworks/Metadata.framework/Versions/A/Metadata
0x00007ff81e46c000 	/System/Library/Frameworks/CoreServices.framework/Versions/A/Frameworks/OSServices.framework/Versions/A/OSServices
0x00007ff81e963000 	/System/Library/Frameworks/CoreServices.framework/Versions/A/Frameworks/SearchKit.framework/Versions/A/SearchKit
0x00007ff81a113000 	/System/Library/Frameworks/CoreServices.framework/Versions/A/Frameworks/AE.framework/Versions/A/AE
0x00007ff813ee6000 	/System/Library/Frameworks/CoreServices.framework/Versions/A/Frameworks/LaunchServices.framework/Versions/A/LaunchServices
0x00007ff81ee9f000 	/System/Library/Frameworks/CoreServices.framework/Versions/A/Frameworks/DictionaryServices.framework/Versions/A/DictionaryServices
0x00007ff81b0ed000 	/System/Library/Frameworks/CoreServices.framework/Versions/A/Frameworks/SharedFileList.framework/Versions/A/SharedFileList
0x00007ff81ddb3000 	/usr/lib/libCheckFix.dylib
0x00007ff818952000 	/System/Library/PrivateFrameworks/TCC.framework/Versions/A/TCC
0x00007ff81d076000 	/System/Library/PrivateFrameworks/CoreNLP.framework/Versions/A/CoreNLP
0x00007ff81a37a000 	/System/Library/PrivateFrameworks/MetadataUtilities.framework/Versions/A/MetadataUtilities
0x00007ff814623000 	/usr/lib/libmecabra.dylib
0x00007ff81dde7000 	/usr/lib/libmecab.dylib
0x00007ff8145ee000 	/usr/lib/libCRFSuite.dylib
0x00007ff81de41000 	/usr/lib/libgermantok.dylib
0x00007ff81e9c9000 	/usr/lib/libThaiTokenizer.dylib
0x00007ff81a46d000 	/System/Library/Frameworks/Accelerate.framework/Versions/A/Frameworks/vImage.framework/Versions/A/vImage
0x00007ff824b10000 	/System/Library/Frameworks/Accelerate.framework/Versions/A/Frameworks/vecLib.framework/Versions/A/vecLib
0x00007ff81efb8000 	/System/Library/Frameworks/Accelerate.framework/Versions/A/Frameworks/vecLib.framework/Versions/A/libvMisc.dylib
0x00007ff81d835000 	/System/Library/Frameworks/Accelerate.framework/Versions/A/Frameworks/vecLib.framework/Versions/A/libvDSP.dylib
0x00007ff814262000 	/System/Library/Frameworks/Accelerate.framework/Versions/A/Frameworks/vecLib.framework/Versions/A/libBLAS.dylib
0x00007ff81eb01000 	/System/Library/Frameworks/Accelerate.framework/Versions/A/Frameworks/vecLib.framework/Versions/A/libLAPACK.dylib
0x00007ff81de44000 	/System/Library/Frameworks/Accelerate.framework/Versions/A/Frameworks/vecLib.framework/Versions/A/libLinearAlgebra.dylib
0x00007ff81ea06000 	/System/Library/Frameworks/Accelerate.framework/Versions/A/Frameworks/vecLib.framework/Versions/A/libSparseBLAS.dylib
0x00007ff81eafb000 	/System/Library/Frameworks/Accelerate.framework/Versions/A/Frameworks/vecLib.framework/Versions/A/libQuadrature.dylib
0x00007ff81d161000 	/System/Library/Frameworks/Accelerate.framework/Versions/A/Frameworks/vecLib.framework/Versions/A/libBNNS.dylib
0x00007ff8144fc000 	/System/Library/Frameworks/Accelerate.framework/Versions/A/Frameworks/vecLib.framework/Versions/A/libSparse.dylib
0x00007ff81d15a000 	/System/Library/PrivateFrameworks/LinguisticData.framework/Versions/A/LinguisticData
0x00007ff8144b2000 	/System/Library/PrivateFrameworks/Lexicon.framework/Versions/A/Lexicon
0x00007ff81efb1000 	/usr/lib/libChineseTokenizer.dylib
0x00007ff814c1d000 	/System/Library/PrivateFrameworks/LanguageModeling.framework/Versions/A/LanguageModeling
0x00007ff81e9cb000 	/System/Library/PrivateFrameworks/AppleSauce.framework/Versions/A/AppleSauce
0x00007ff81d9f8000 	/System/Library/PrivateFrameworks/CoreEmoji.framework/Versions/A/CoreEmoji
0x00007ff81e8cc000 	/usr/lib/libcmph.dylib
0x00007ff81b0c4000 	/System/Library/Frameworks/OpenDirectory.framework/Versions/A/Frameworks/CFOpenDirectory.framework/Versions/A/CFOpenDirectory
0x00007ff81b0b8000 	/System/Library/Frameworks/OpenDirectory.framework/Versions/A/OpenDirectory
0x00007ff81ef0a000 	/System/Library/PrivateFrameworks/APFS.framework/Versions/A/APFS
0x00007ff81dd0e000 	/System/Library/Frameworks/SecurityFoundation.framework/Versions/A/SecurityFoundation
0x00007ff81ef85000 	/usr/lib/libutil.dylib
0x00007ff81630d000 	/System/Library/PrivateFrameworks/CoreServicesStore.framework/Versions/A/CoreServicesStore
0x00007ff81ef89000 	/usr/lib/libxslt.1.dylib
0x00007ff81dd9b000 	/System/Library/PrivateFrameworks/BackgroundTaskManagement.framework/Versions/A/BackgroundTaskManagement
0x00007ff8203fa000 	/System/Library/Frameworks/ImageIO.framework/Versions/A/Resources/libRadiance.dylib
0x00007ff820403000 	/System/Library/Frameworks/ImageIO.framework/Versions/A/Resources/libJPEG.dylib
0x00007ff820352000 	/System/Library/Frameworks/ImageIO.framework/Versions/A/Resources/libPng.dylib
0x00007ff820373000 	/System/Library/Frameworks/ImageIO.framework/Versions/A/Resources/libTIFF.dylib
0x00007ff820463000 	/System/Library/Frameworks/ImageIO.framework/Versions/A/Resources/libGIF.dylib
0x00007ff81fc8c000 	/System/Library/Frameworks/ImageIO.framework/Versions/A/Resources/libJP2.dylib
0x00007ff81f3c7000 	/usr/lib/libexpat.1.dylib
0x00007ff81fc41000 	/System/Library/PrivateFrameworks/AppleJPEG.framework/Versions/A/AppleJPEG
0x00007ff81c5aa000 	/System/Library/PrivateFrameworks/FontServices.framework/libFontParser.dylib
0x00007ff81a0bd000 	/System/Library/PrivateFrameworks/RunningBoardServices.framework/Versions/A/RunningBoardServices
0x00007ff82adde000 	/System/Library/PrivateFrameworks/IOSurfaceAccelerator.framework/Versions/A/IOSurfaceAccelerator
0x00007ff81fd6f000 	/System/Library/PrivateFrameworks/WatchdogClient.framework/Versions/A/WatchdogClient
0x00007ff814d0b000 	/System/Library/Frameworks/CoreDisplay.framework/Versions/A/CoreDisplay
0x00007ff81c4a8000 	/System/Library/Frameworks/CoreMedia.framework/Versions/A/CoreMedia
0x00007ff81c33c000 	/System/Library/PrivateFrameworks/IOAccelerator.framework/Versions/A/IOAccelerator
0x00007ff81b241000 	/System/Library/Frameworks/CoreVideo.framework/Versions/A/CoreVideo
0x00007ff81ea1c000 	/System/Library/Frameworks/MetalPerformanceShaders.framework/Versions/A/MetalPerformanceShaders
0x00007ff81fdac000 	/System/Library/Frameworks/VideoToolbox.framework/Versions/A/VideoToolbox
0x00007ff81a007000 	/System/Library/PrivateFrameworks/BaseBoard.framework/Versions/A/BaseBoard
0x00007ff819d8e000 	/System/Library/PrivateFrameworks/ProtocolBuffer.framework/Versions/A/ProtocolBuffer
0x00007ff8203f3000 	/System/Library/PrivateFrameworks/GPUWrangler.framework/Versions/A/GPUWrangler
0x00007ff8203d7000 	/System/Library/PrivateFrameworks/IOPresentment.framework/Versions/A/IOPresentment
0x00007ff8203fd000 	/System/Library/PrivateFrameworks/DSExternalDisplay.framework/Versions/A/DSExternalDisplay
0x00007ffa2c77b000 	/System/Library/Frameworks/OpenGL.framework/Versions/A/Libraries/libCoreFSCache.dylib
0x00007ffb19851000 	/System/Library/PrivateFrameworks/GPUCompiler.framework/Versions/31001/Libraries/libGPUCompilerUtils.dylib
0x00007ff820468000 	/System/Library/PrivateFrameworks/CMCaptureCore.framework/Versions/A/CMCaptureCore
0x00007ff81f970000 	/System/Library/PrivateFrameworks/AppServerSupport.framework/Versions/A/AppServerSupport
0x00007ff821c36000 	/System/Library/PrivateFrameworks/perfdata.framework/Versions/A/perfdata
0x00007ff814e37000 	/System/Library/PrivateFrameworks/AudioToolboxCore.framework/Versions/A/AudioToolboxCore
0x00007ff81c486000 	/System/Library/PrivateFrameworks/caulk.framework/Versions/A/caulk
0x00007ff821548000 	/usr/lib/libAudioStatistics.dylib
0x00007ff91923b000 	/System/Library/PrivateFrameworks/SystemPolicy.framework/Versions/A/SystemPolicy
0x00007ff8217a3000 	/usr/lib/libSMC.dylib
0x00007ff82a6d6000 	/System/Library/Frameworks/CoreMIDI.framework/Versions/A/CoreMIDI
0x00007ff820321000 	/usr/lib/libAudioToolboxUtility.dylib
0x00007ff91545f000 	/System/Library/PrivateFrameworks/OSAServicesClient.framework/Versions/A/OSAServicesClient
0x00007ff821c43000 	/usr/lib/libperfcheck.dylib
0x00007ff919cec000 	/usr/lib/libmis.dylib
0x00007ffa2c7d6000 	/System/Library/Frameworks/OpenGL.framework/Versions/A/Libraries/libGLU.dylib
0x00007ffa2c79a000 	/System/Library/Frameworks/OpenGL.framework/Versions/A/Libraries/libGFXShared.dylib
0x00007ffa2c9a3000 	/System/Library/Frameworks/OpenGL.framework/Versions/A/Libraries/libGL.dylib
0x00007ffa2c7a3000 	/System/Library/Frameworks/OpenGL.framework/Versions/A/Libraries/libGLImage.dylib
0x00007ffa2c797000 	/System/Library/Frameworks/OpenGL.framework/Versions/A/Libraries/libCVMSPluginSupport.dylib
0x00007ffa2c782000 	/System/Library/Frameworks/OpenGL.framework/Versions/A/Libraries/libCoreVMClient.dylib
0x00007ff81cff2000 	/System/Library/Frameworks/MetalPerformanceShaders.framework/Versions/A/Frameworks/MPSCore.framework/Versions/A/MPSCore
0x00007ff81e3b4000 	/System/Library/Frameworks/MetalPerformanceShaders.framework/Versions/A/Frameworks/MPSImage.framework/Versions/A/MPSImage
0x00007ff81de5a000 	/System/Library/Frameworks/MetalPerformanceShaders.framework/Versions/A/Frameworks/MPSNeuralNetwork.framework/Versions/A/MPSNeuralNetwork
0x00007ff81e2ce000 	/System/Library/Frameworks/MetalPerformanceShaders.framework/Versions/A/Frameworks/MPSMatrix.framework/Versions/A/MPSMatrix
0x00007ff81e089000 	/System/Library/Frameworks/MetalPerformanceShaders.framework/Versions/A/Frameworks/MPSRayIntersector.framework/Versions/A/MPSRayIntersector
0x00007ff81e306000 	/System/Library/Frameworks/MetalPerformanceShaders.framework/Versions/A/Frameworks/MPSNDArray.framework/Versions/A/MPSNDArray
0x00007ffa3225b000 	/System/Library/Frameworks/MetalPerformanceShaders.framework/Versions/A/Frameworks/MPSFunctions.framework/Versions/A/MPSFunctions
0x00007ff81413e000 	/System/Library/PrivateFrameworks/MetalTools.framework/Versions/A/MetalTools
0x00007ff81d06e000 	/System/Library/PrivateFrameworks/AggregateDictionary.framework/Versions/A/AggregateDictionary
0x00007ff81f1a9000 	/usr/lib/libIOReport.dylib
0x00007ffa2ddb2000 	/System/Library/Frameworks/OpenCL.framework/Versions/A/OpenCL
0x00007ff81f50e000 	/System/Library/PrivateFrameworks/FaceCore.framework/Versions/A/FaceCore
0x00007ff81f4ff000 	/System/Library/PrivateFrameworks/GraphVisualizer.framework/Versions/A/GraphVisualizer
0x00007ffb1975c000 	/System/Library/PrivateFrameworks/FontServices.framework/Versions/A/FontServices
0x00007ff81f928000 	/System/Library/PrivateFrameworks/OTSVG.framework/Versions/A/OTSVG
0x00007ff81ae27000 	/System/Library/Frameworks/ApplicationServices.framework/Versions/A/Frameworks/ATS.framework/Versions/A/Resources/libFontRegistry.dylib
0x00007ff81f978000 	/System/Library/PrivateFrameworks/FontServices.framework/libhvf.dylib
0x00007ffb1975d000 	/System/Library/PrivateFrameworks/FontServices.framework/libXTFontStaticRegistryData.dylib
0x00007ff81f377000 	/System/Library/PrivateFrameworks/AppleVA.framework/Versions/A/AppleVA
0x00007ff821568000 	/System/Library/Frameworks/ApplicationServices.framework/Versions/A/Frameworks/ATS.framework/Versions/A/ATS
0x00007ff8194d4000 	/System/Library/Frameworks/ApplicationServices.framework/Versions/A/Frameworks/HIServices.framework/Versions/A/HIServices
0x00007ff820472000 	/System/Library/Frameworks/ApplicationServices.framework/Versions/A/Frameworks/PrintCore.framework/Versions/A/PrintCore
0x00007ff8218f6000 	/System/Library/Frameworks/ApplicationServices.framework/Versions/A/Frameworks/QD.framework/Versions/A/QD
0x00007ff8218ee000 	/System/Library/Frameworks/ApplicationServices.framework/Versions/A/Frameworks/ColorSyncLegacy.framework/Versions/A/ColorSyncLegacy
0x00007ff821558000 	/System/Library/Frameworks/ApplicationServices.framework/Versions/A/Frameworks/SpeechSynthesis.framework/Versions/A/SpeechSynthesis
0x00007ff820433000 	/System/Library/Frameworks/ApplicationServices.framework/Versions/A/Frameworks/ATSUI.framework/Versions/A/ATSUI
0x00007ff821883000 	/usr/lib/libcups.2.dylib
0x00007ff821c52000 	/System/Library/Frameworks/Kerberos.framework/Versions/A/Kerberos
0x00007ff821c61000 	/System/Library/Frameworks/GSS.framework/Versions/A/GSS
0x00007ff8215d4000 	/usr/lib/libresolv.9.dylib
0x00007ff81f987000 	/System/Library/PrivateFrameworks/Heimdal.framework/Versions/A/Heimdal
0x00007ff828859000 	/System/Library/Frameworks/Kerberos.framework/Versions/A/Libraries/libHeimdalProxy.dylib
0x00007ff81a191000 	/System/Library/Frameworks/Network.framework/Versions/A/Network
0x00007ff81f3e2000 	/usr/lib/libheimdal-asn1.dylib
0x00007ff821cac000 	/System/Library/PrivateFrameworks/CommonAuth.framework/Versions/A/CommonAuth
0x00007ff8214da000 	/System/Library/PrivateFrameworks/AudioSession.framework/Versions/A/AudioSession
0x00007ff81f472000 	/System/Library/PrivateFrameworks/MediaExperience.framework/Versions/A/MediaExperience
0x00007ff82136c000 	/System/Library/PrivateFrameworks/AudioSession.framework/libSessionUtility.dylib
0x00007ff821902000 	/System/Library/PrivateFrameworks/AudioResourceArbitration.framework/Versions/A/AudioResourceArbitration
0x00007ff825983000 	/System/Library/PrivateFrameworks/PowerLog.framework/Versions/A/PowerLog
0x00007ff81f3eb000 	/System/Library/PrivateFrameworks/IconFoundation.framework/Versions/A/IconFoundation
0x00007ff824739000 	/System/Library/PrivateFrameworks/SpeechRecognitionCore.framework/Versions/A/SpeechRecognitionCore
0x000000010500e000 	/Library/Java/JavaVirtualMachines/jdk-17.0.4.jdk/Contents/Home/lib/server/libjvm.dylib
0x0000000101a27000 	/Library/Java/JavaVirtualMachines/jdk-17.0.4.jdk/Contents/Home/lib/libjimage.dylib
0x0000000101a4a000 	/Library/Java/JavaVirtualMachines/jdk-17.0.4.jdk/Contents/Home/lib/libinstrument.dylib
0x0000000101a8c000 	/Library/Java/JavaVirtualMachines/jdk-17.0.4.jdk/Contents/Home/lib/libjava.dylib
0x0000000101d17000 	/Library/Java/JavaVirtualMachines/jdk-17.0.4.jdk/Contents/Home/lib/libzip.dylib
0x0000000101d2b000 	/Library/Java/JavaVirtualMachines/jdk-17.0.4.jdk/Contents/Home/lib/libnio.dylib
0x0000000101d47000 	/Library/Java/JavaVirtualMachines/jdk-17.0.4.jdk/Contents/Home/lib/libnet.dylib
0x0000000101a77000 	/Library/Java/JavaVirtualMachines/jdk-17.0.4.jdk/Contents/Home/lib/libextnet.dylib
0x0000000101d7d000 	/Library/Java/JavaVirtualMachines/jdk-17.0.4.jdk/Contents/Home/lib/libverify.dylib
0x0000000101d95000 	/Library/Java/JavaVirtualMachines/jdk-17.0.4.jdk/Contents/Home/lib/libmanagement.dylib
0x0000000101da5000 	/Library/Java/JavaVirtualMachines/jdk-17.0.4.jdk/Contents/Home/lib/libmanagement_ext.dylib
0x00007ff919cc5000 	/System/Library/PrivateFrameworks/MallocStackLogging.framework/Versions/A/MallocStackLogging


VM Arguments:
jvm_args: -javaagent:/Applications/IntelliJ IDEA CE.app/Contents/lib/idea_rt.jar=52278:/Applications/IntelliJ IDEA CE.app/Contents/bin -Dfile.encoding=UTF-8 
java_command: com.hagz.blog.BlogApplication
java_class_path (initial): /Users/Hagz/Documents/Projects/blog/target/classes:/Users/Hagz/.m2/repository/org/springframework/boot/spring-boot-starter-web/2.7.2/spring-boot-starter-web-2.7.2.jar:/Users/Hagz/.m2/repository/org/springframework/boot/spring-boot-starter/2.7.2/spring-boot-starter-2.7.2.jar:/Users/Hagz/.m2/repository/org/springframework/boot/spring-boot-starter-logging/2.7.2/spring-boot-starter-logging-2.7.2.jar:/Users/Hagz/.m2/repository/ch/qos/logback/logback-classic/1.2.11/logback-classic-1.2.11.jar:/Users/Hagz/.m2/repository/ch/qos/logback/logback-core/1.2.11/logback-core-1.2.11.jar:/Users/Hagz/.m2/repository/org/apache/logging/log4j/log4j-to-slf4j/2.17.2/log4j-to-slf4j-2.17.2.jar:/Users/Hagz/.m2/repository/org/apache/logging/log4j/log4j-api/2.17.2/log4j-api-2.17.2.jar:/Users/Hagz/.m2/repository/org/slf4j/jul-to-slf4j/1.7.36/jul-to-slf4j-1.7.36.jar:/Users/Hagz/.m2/repository/jakarta/annotation/jakarta.annotation-api/1.3.5/jakarta.annotation-api-1.3.5.jar:/Users/Hagz/.m2/repository/org/yaml/snakeyaml/1.30/snakeyaml-1.30.jar:/Users/Hagz/.m2/repository/org/springframework/boot/spring-boot-starter-json/2.7.2/spring-boot-starter-json-2.7.2.jar:/Users/Hagz/.m2/repository/com/fasterxml/jackson/datatype/jackson-datatype-jdk8/2.13.3/jackson-datatype-jdk8-2.13.3.jar:/Users/Hagz/.m2/repository/com/fasterxml/jackson/datatype/jackson-datatype-jsr310/2.13.3/jackson-datatype-jsr310-2.13.3.jar:/Users/Hagz/.m2/repository/com/fasterxml/jackson/module/jackson-module-parameter-names/2.13.3/jackson-module-parameter-names-2.13.3.jar:/Users/Hagz/.m2/repository/org/springframework/boot/spring-boot-starter-tomcat/2.7.2/spring-boot-starter-tomcat-2.7.2.jar:/Users/Hagz/.m2/repository/org/apache/tomcat/embed/tomcat-embed-core/9.0.65/tomcat-embed-core-9.0.65.jar:/Users/Hagz/.m2/repository/org/apache/tomcat/embed/tomcat-embed-websocket/9.0.65/tomcat-embed-websocket-9.0.65.jar:/Users/Hagz/.m2/repository/org/springframework/spring-web/5.3.22/spring-web-5.3.22.jar:/Users/Hagz/.m2/re
Launcher Type: SUN_STANDARD

[Global flags]
     intx CICompilerCount                          = 3                                         {product} {ergonomic}
     uint ConcGCThreads                            = 1                                         {product} {ergonomic}
     uint G1ConcRefinementThreads                  = 4                                         {product} {ergonomic}
   size_t G1HeapRegionSize                         = 1048576                                   {product} {ergonomic}
    uintx GCDrainStackTargetSize                   = 64                                        {product} {ergonomic}
   size_t InitialHeapSize                          = 134217728                                 {product} {ergonomic}
   size_t MarkStackSize                            = 4194304                                   {product} {ergonomic}
   size_t MaxHeapSize                              = 2147483648                                {product} {ergonomic}
   size_t MaxNewSize                               = 1287651328                                {product} {ergonomic}
   size_t MinHeapDeltaBytes                        = 1048576                                   {product} {ergonomic}
   size_t MinHeapSize                              = 8388608                                   {product} {ergonomic}
    uintx NonNMethodCodeHeapSize                   = 5832780                                {pd product} {ergonomic}
    uintx NonProfiledCodeHeapSize                  = 122912730                              {pd product} {ergonomic}
    uintx ProfiledCodeHeapSize                     = 122912730                              {pd product} {ergonomic}
    uintx ReservedCodeCacheSize                    = 251658240                              {pd product} {ergonomic}
     bool SegmentedCodeCache                       = true                                      {product} {ergonomic}
   size_t SoftMaxHeapSize                          = 2147483648                             {manageable} {ergonomic}
     bool UseCompressedClassPointers               = true                           {product lp64_product} {ergonomic}
     bool UseCompressedOops                        = true                           {product lp64_product} {ergonomic}
     bool UseG1GC                                  = true                                      {product} {ergonomic}
     bool UseNUMA                                  = false                                     {product} {ergonomic}
     bool UseNUMAInterleaving                      = false                                     {product} {ergonomic}

Logging:
Log output configuration:
 #0: stdout all=warning uptime,level,tags
 #1: stderr all=off uptime,level,tags

Environment Variables:
JAVA_HOME=/Library/Java/JavaVirtualMachines/jdk1.8.0_311.jdk/Contents/Home
PATH=/opt/local/bin:/opt/local/sbin:/usr/local/bin:/usr/bin:/bin:/usr/sbin:/sbin:/usr/local/share/dotnet:/opt/X11/bin:~/.dotnet/tools:/Library/Apple/usr/bin:/Applications/MacPorts/Eiffel_19.05/studio/spec/macosx-x86-64/bin:/Users/Hagz/Documents/YorkU work/2022 Winter yorku/EECS 4315/jpf/jpf-core/bin
SHELL=/bin/bash
DISPLAY=/private/tmp/com.apple.launchd.5eoy69R0eS/org.macosforge.xquartz:0
LC_CTYPE=en_CA.UTF-8

Signal Handlers:
   SIGSEGV: _ZL13crash_handleriP9__siginfoPv in libjvm.dylib, mask=11100110000111110111111111111111, flags=SA_RESTART|SA_SIGINFO
    SIGBUS: _ZL13crash_handleriP9__siginfoPv in libjvm.dylib, mask=11100110000111110111111111111111, flags=SA_RESTART|SA_SIGINFO
    SIGFPE: _ZL13crash_handleriP9__siginfoPv in libjvm.dylib, mask=11100110000111110111111111111111, flags=SA_RESTART|SA_SIGINFO
   SIGPIPE: _ZL17javaSignalHandleriP9__siginfoPv in libjvm.dylib, mask=11100110000111110111111111111111, flags=SA_RESTART|SA_SIGINFO
   SIGXFSZ: _ZL17javaSignalHandleriP9__siginfoPv in libjvm.dylib, mask=11100110000111110111111111111111, flags=SA_RESTART|SA_SIGINFO
    SIGILL: _ZL13crash_handleriP9__siginfoPv in libjvm.dylib, mask=11100110000111110111111111111111, flags=SA_RESTART|SA_SIGINFO
   SIGUSR2: _ZL10SR_handleriP9__siginfoP17__darwin_ucontext in libjvm.dylib, mask=00100000000000000000000000000000, flags=SA_RESTART|SA_SIGINFO
    SIGHUP: _ZL11UserHandleriPvS_ in libjvm.dylib, mask=11100110000111110111111111111111, flags=SA_RESTART|SA_SIGINFO
    SIGINT: _ZL11UserHandleriPvS_ in libjvm.dylib, mask=11100110000111110111111111111111, flags=SA_RESTART|SA_SIGINFO
   SIGTERM: _ZL11UserHandleriPvS_ in libjvm.dylib, mask=11100110000111110111111111111111, flags=SA_RESTART|SA_SIGINFO
   SIGQUIT: _ZL11UserHandleriPvS_ in libjvm.dylib, mask=11100110000111110111111111111111, flags=SA_RESTART|SA_SIGINFO
   SIGTRAP: _ZL13crash_handleriP9__siginfoPv in libjvm.dylib, mask=11100110000111110111111111111111, flags=SA_RESTART|SA_SIGINFO


---------------  S Y S T E M  ---------------

OS:
uname: Darwin 21.6.0 Darwin Kernel Version 21.6.0: Mon Feb 19 20:24:34 PST 2024; root:xnu-8020.240.18.707.4~1/RELEASE_X86_64 x86_64
OS uptime: 95 days 12:59 hours
rlimit (soft/hard): STACK 8192k/65532k , CORE 0k/infinity , NPROC 1392/2088 , NOFILE 10240/infinity , AS infinity/infinity , CPU infinity/infinity , DATA infinity/infinity , FSIZE infinity/infinity , MEMLOCK infinity/infinity , RSS infinity/infinity
load average: 4.88 7.42 9.34

CPU: total 4 (initial active 4) (2 cores per cpu, 2 threads per core) family 6 model 61 stepping 4 microcode 0x2f, cx8, cmov, fxsr, ht, mmx, 3dnowpref, sse, sse2, sse3, ssse3, sse4.1, sse4.2, popcnt, lzcnt, tsc, tscinvbit, avx, avx2, aes, erms, clmul, bmi1, bmi2, adx, fma, vzeroupper, clflush

Memory: 4k page, physical 8388608k(18952k free), swap 9437184k(1606144k free)

vm_info: Java HotSpot(TM) 64-Bit Server VM (17.0.4+11-LTS-179) for bsd-amd64 JRE (17.0.4+11-LTS-179), built on Jun 28 2022 07:25:46 by "mach5one" with clang Apple LLVM 12.0.0 (clang-1200.0.32.29)

END.
